Component: ARM Compiler 5.06 update 6 (build 750) Tool: armlink [4d35ed]

==============================================================================

Section Cross References

    clock.o(i.rt_tick_get) refers to clock.o(.data) for rt_tick
    clock.o(i.rt_tick_increase) refers to thread.o(i.rt_thread_self) for rt_thread_self
    clock.o(i.rt_tick_increase) refers to thread.o(i.rt_thread_yield) for rt_thread_yield
    clock.o(i.rt_tick_increase) refers to timer.o(i.rt_timer_check) for rt_timer_check
    clock.o(i.rt_tick_increase) refers to clock.o(.data) for rt_tick
    clock.o(i.rt_tick_set) refers to context_rvds.o(.text) for rt_hw_interrupt_disable
    clock.o(i.rt_tick_set) refers to clock.o(.data) for rt_tick
    components.o(i.$Sub$$main) refers to components.o(i.rtthread_startup) for rtthread_startup
    components.o(i.main_thread_entry) refers to components.o(i.rt_components_init) for rt_components_init
    components.o(i.main_thread_entry) refers to main.o(i.main) for $Super$$main
    components.o(i.rt_application_init) refers to thread.o(i.rt_thread_create) for rt_thread_create
    components.o(i.rt_application_init) refers to kservice.o(i.rt_assert_handler) for rt_assert_handler
    components.o(i.rt_application_init) refers to thread.o(i.rt_thread_startup) for rt_thread_startup
    components.o(i.rt_application_init) refers to components.o(i.main_thread_entry) for main_thread_entry
    components.o(i.rt_application_init) refers to components.o(.constdata) for __FUNCTION__
    components.o(i.rt_components_board_init) refers to components.o(.rti_fn.0.end) for __rt_init_rti_board_start
    components.o(i.rt_components_board_init) refers to components.o(.rti_fn.1.end) for __rt_init_rti_board_end
    components.o(i.rt_components_init) refers to components.o(.rti_fn.1.end) for __rt_init_rti_board_end
    components.o(i.rt_components_init) refers to components.o(.rti_fn.6.end) for __rt_init_rti_end
    components.o(i.rtthread_startup) refers to context_rvds.o(.text) for rt_hw_interrupt_disable
    components.o(i.rtthread_startup) refers to drv_common.o(i.rt_hw_board_init) for rt_hw_board_init
    components.o(i.rtthread_startup) refers to kservice.o(i.rt_show_version) for rt_show_version
    components.o(i.rtthread_startup) refers to timer.o(i.rt_system_timer_init) for rt_system_timer_init
    components.o(i.rtthread_startup) refers to scheduler.o(i.rt_system_scheduler_init) for rt_system_scheduler_init
    components.o(i.rtthread_startup) refers to components.o(i.rt_application_init) for rt_application_init
    components.o(i.rtthread_startup) refers to timer.o(i.rt_system_timer_thread_init) for rt_system_timer_thread_init
    components.o(i.rtthread_startup) refers to idle.o(i.rt_thread_idle_init) for rt_thread_idle_init
    components.o(i.rtthread_startup) refers to scheduler.o(i.rt_system_scheduler_start) for rt_system_scheduler_start
    components.o(.rti_fn.0) refers to components.o(i.rti_start) for rti_start
    components.o(.rti_fn.0.end) refers to components.o(i.rti_board_start) for rti_board_start
    components.o(.rti_fn.1.end) refers to components.o(i.rti_board_end) for rti_board_end
    components.o(.rti_fn.6.end) refers to components.o(i.rti_end) for rti_end
    device.o(i.rt_device_close) refers to kservice.o(i.rt_assert_handler) for rt_assert_handler
    device.o(i.rt_device_close) refers to object.o(i.rt_object_get_type) for rt_object_get_type
    device.o(i.rt_device_close) refers to device.o(.constdata) for __FUNCTION__
    device.o(i.rt_device_control) refers to kservice.o(i.rt_assert_handler) for rt_assert_handler
    device.o(i.rt_device_control) refers to object.o(i.rt_object_get_type) for rt_object_get_type
    device.o(i.rt_device_control) refers to device.o(.constdata) for __FUNCTION__
    device.o(i.rt_device_create) refers to mem.o(i.rt_malloc) for rt_malloc
    device.o(i.rt_device_create) refers to kservice.o(i.rt_memset) for rt_memset
    device.o(i.rt_device_destroy) refers to kservice.o(i.rt_assert_handler) for rt_assert_handler
    device.o(i.rt_device_destroy) refers to object.o(i.rt_object_get_type) for rt_object_get_type
    device.o(i.rt_device_destroy) refers to object.o(i.rt_object_is_systemobject) for rt_object_is_systemobject
    device.o(i.rt_device_destroy) refers to object.o(i.rt_object_detach) for rt_object_detach
    device.o(i.rt_device_destroy) refers to mem.o(i.rt_free) for rt_free
    device.o(i.rt_device_destroy) refers to device.o(.constdata) for __FUNCTION__
    device.o(i.rt_device_find) refers to thread.o(i.rt_thread_self) for rt_thread_self
    device.o(i.rt_device_find) refers to scheduler.o(i.rt_enter_critical) for rt_enter_critical
    device.o(i.rt_device_find) refers to object.o(i.rt_object_get_information) for rt_object_get_information
    device.o(i.rt_device_find) refers to kservice.o(i.rt_assert_handler) for rt_assert_handler
    device.o(i.rt_device_find) refers to kservice.o(i.rt_strncmp) for rt_strncmp
[...]
    0x0800f13c   0x0800f13c   0x0000009c   Code   RO         3504    i.dfs_file_unlink   dfs_file.o
    0x0800f1d8   0x0800f1d8   0x0000002a   Code   RO         3505    i.dfs_file_write    dfs_file.o
    0x0800f202   0x0800f202   0x00000002   PAD
    0x0800f204   0x0800f204   0x00000084   Code   RO         3613    i.dfs_filesystem_lookup  dfs_fs.o
    0x0800f288   0x0800f288   0x000000a4   Code   RO         3393    i.dfs_init          dfs.o
    0x0800f32c   0x0800f32c   0x00000034   Code   RO         3394    i.dfs_lock          dfs.o
    0x0800f360   0x0800f360   0x0000015c   Code   RO         3614    i.dfs_mkfs          dfs_fs.o
    0x0800f4bc   0x0800f4bc   0x00000212   Code   RO         3615    i.dfs_mount         dfs_fs.o
    0x0800f6ce   0x0800f6ce   0x00000002   PAD
    0x0800f6d0   0x0800f6d0   0x0000017e   Code   RO         3395    i.dfs_normalize_path  dfs.o
    0x0800f84e   0x0800f84e   0x00000002   PAD
    0x0800f850   0x0800f850   0x000000d0   Code   RO         3616    i.dfs_register      dfs_fs.o
    0x0800f920   0x0800f920   0x00000028   Code   RO         3617    i.dfs_statfs        dfs_fs.o
    0x0800f948   0x0800f948   0x00000038   Code   RO         3396    i.dfs_subdir        dfs.o
    0x0800f980   0x0800f980   0x00000010   Code   RO         3397    i.dfs_unlock        dfs.o
    0x0800f990   0x0800f990   0x00000060   Code   RO         4116    i.dir_alloc         ff.o
    0x0800f9f0   0x0800f9f0   0x000000fc   Code   RO         4117    i.dir_find          ff.o
    0x0800faec   0x0800faec   0x0000010c   Code   RO         4118    i.dir_next          ff.o
    0x0800fbf8   0x0800fbf8   0x000000d8   Code   RO         4119    i.dir_read          ff.o
    0x0800fcd0   0x0800fcd0   0x00000148   Code   RO         4120    i.dir_register      ff.o
    0x0800fe18   0x0800fe18   0x00000060   Code   RO         4121    i.dir_remove        ff.o
    0x0800fe78   0x0800fe78   0x0000009a   Code   RO         4122    i.dir_sdi           ff.o
    0x0800ff12   0x0800ff12   0x00000006   Code   RO         3922    i.disk_initialize   dfs_elm.o
    0x0800ff18   0x0800ff18   0x000000a0   Code   RO         3923    i.disk_ioctl        dfs_elm.o
    0x0800ffb8   0x0800ffb8   0x00000034   Code   RO         3924    i.disk_read         dfs_elm.o
    0x0800ffec   0x0800ffec   0x00000006   Code   RO         3925    i.disk_status       dfs_elm.o
    0x0800fff2   0x0800fff2   0x00000002   PAD
    0x0800fff4   0x0800fff4   0x00000034   Code   RO         3926    i.disk_write        dfs_elm.o
    0x08010028   0x08010028   0x000000ac   Code   RO         2098    i.dma_isr           drv_usart.o
    0x080100d4   0x080100d4   0x00000024   Code   RO         4123    i.elm_get_vol       ff.o
    0x080100f8   0x080100f8   0x00000010   Code   RO         3927    i.elm_init          dfs_elm.o
    0x08010108   0x08010108   0x00000058   Code   RO         3928    i.elm_result_to_dfs  dfs_elm.o
    0x08010160   0x08010160   0x00000120   Code   RO         2480    i.esp8266_control   at_device_esp8266.o
    0x08010280   0x08010280   0x0000000c   Code   RO         2481    i.esp8266_deinit    at_device_esp8266.o
    0x0801028c   0x0801028c   0x00000080   Code   RO         2482    i.esp8266_device_class_register  at_device_esp8266.o
    0x0801030c   0x0801030c   0x0000001c   Code   RO         2709    i.esp8266_device_register  at_sample_esp8266.o
    0x08010328   0x08010328   0x00000198   Code   RO         2632    i.esp8266_domain_resolve  at_socket_esp8266.o
    0x080104c0   0x080104c0   0x000004b6   Code   RO         2483    i.esp8266_get_netdev_info  at_device_esp8266.o
    0x08010976   0x08010976   0x00000002   PAD
    0x08010978   0x08010978   0x000000d4   Code   RO         2484    i.esp8266_init      at_device_esp8266.o
    0x08010a4c   0x08010a4c   0x00000396   Code   RO         2485    i.esp8266_init_thread_entry  at_device_esp8266.o
    0x08010de2   0x08010de2   0x0000000e   Code   RO         2486    i.esp8266_net_init  at_device_esp8266.o
    0x08010df0   0x08010df0   0x000000b4   Code   RO         2487    i.esp8266_netdev_add  at_device_esp8266.o
    0x08010ea4   0x08010ea4   0x00000200   Code   RO         2488    i.esp8266_netdev_netstat  at_device_esp8266.o
    0x080110a4   0x080110a4   0x000001ee   Code   RO         2489    i.esp8266_netdev_ping  at_device_esp8266.o
    0x08011292   0x08011292   0x00000002   PAD
    0x08011294   0x08011294   0x0000025e   Code   RO         2490    i.esp8266_netdev_set_addr_info  at_device_esp8266.o
    0x080114f2   0x080114f2   0x00000002   PAD
    0x080114f4   0x080114f4   0x00000170   Code   RO         2491    i.esp8266_netdev_set_dhcp  at_device_esp8266.o
    0x08011664   0x08011664   0x00000188   Code   RO         2492    i.esp8266_netdev_set_dns_server  at_device_esp8266.o
    0x080117ec   0x080117ec   0x0000008c   Code   RO         2493    i.esp8266_netdev_set_down  at_device_esp8266.o
    0x08011878   0x08011878   0x00000080   Code   RO         2494    i.esp8266_netdev_set_up  at_device_esp8266.o
    0x080118f8   0x080118f8   0x00000030   Code   RO         2495    i.esp8266_netdev_start_delay_work  at_device_esp8266.o
    0x08011928   0x08011928   0x00000048   Code   RO         2496    i.esp8266_reset     at_device_esp8266.o
    0x08011970   0x08011970   0x00000030   Code   RO         2633    i.esp8266_socket_class_register  at_socket_esp8266.o
    0x080119a0   0x080119a0   0x000000ac   Code   RO         2634    i.esp8266_socket_close  at_socket_esp8266.o
    0x08011a4c   0x08011a4c   0x000001be   Code   RO         2635    i.esp8266_socket_connect  at_socket_esp8266.o
    0x08011c0a   0x08011c0a   0x00000036   Code   RO         2636    i.esp8266_socket_event_recv  at_socket_esp8266.o
    0x08011c40   0x08011c40   0x00000010   Code   RO         2637    i.esp8266_socket_event_send  at_socket_esp8266.o
    0x08011c50   0x08011c50   0x00000030   Code   RO         2638    i.esp8266_socket_init  at_socket_esp8266.o
    0x08011c80   0x08011c80   0x0000029e   Code   RO         2639    i.esp8266_socket_send  at_socket_esp8266.o
    0x08011f1e   0x08011f1e   0x00000002   PAD
    0x08011f20   0x08011f20   0x00000010   Code   RO         2640    i.esp8266_socket_set_event_cb  at_socket_esp8266.o
    0x08011f30   0x08011f30   0x0000015c   Code   RO         2497    i.esp8266_wifi_info_set  at_device_esp8266.o
    0x0801208c   0x0801208c   0x0000002a   Code   RO         4124    i.f_close           ff.o
    0x080120b6   0x080120b6   0x0000010a   Code   RO         4126    i.f_getfree         ff.o
    0x080121c0   0x080121c0   0x00000340   Code   RO         4127    i.f_lseek           ff.o
    0x08012500   0x08012500   0x00000198   Code   RO         4128    i.f_mkdir           ff.o
    0x08012698   0x08012698   0x0000068a   Code   RO         4129    i.f_mkfs            ff.o
    0x08012d22   0x08012d22   0x00000002   PAD
    0x08012d24   0x08012d24   0x00000080   Code   RO         4130    i.f_mount           ff.o
    0x08012da4   0x08012da4   0x00000228   Code   RO         4131    i.f_open            ff.o
    0x08012fcc   0x08012fcc   0x0000009a   Code   RO         4132    i.f_opendir         ff.o
    0x08013066   0x08013066   0x00000206   Code   RO         4133    i.f_read            ff.o
    0x0801326c   0x0801326c   0x00000078   Code   RO         4134    i.f_readdir         ff.o
    0x080132e4   0x080132e4   0x00000142   Code   RO         4135    i.f_rename          ff.o
    0x08013426   0x08013426   0x0000003e   Code   RO         4136    i.f_seekdir         ff.o
    0x08013464   0x08013464   0x00000068   Code   RO         4137    i.f_stat            ff.o
    0x080134cc   0x080134cc   0x000000b0   Code   RO         4138    i.f_sync            ff.o
    0x0801357c   0x0801357c   0x000000d4   Code   RO         4140    i.f_unlink          ff.o
    0x08013650   0x08013650   0x0000024a   Code   RO         4141    i.f_write           ff.o
    0x0801389a   0x0801389a   0x00000018   Code   RO         9493    i.fabs              m_wm.l(fabs.o)
    0x080138b2   0x080138b2   0x0000009e   Code   RO         3398    i.fd_alloc          dfs.o
    0x08013950   0x08013950   0x00000046   Code   RO         3399    i.fd_get            dfs.o
    0x08013996   0x08013996   0x000000a6   Code   RO         3400    i.fd_is_open        dfs.o
    0x08013a3c   0x08013a3c   0x000000a8   Code   RO         3401    i.fd_new            dfs.o
    0x08013ae4   0x08013ae4   0x00000064   Code   RO         3402    i.fd_put            dfs.o
    0x08013b48   0x08013b48   0x0000004c   Code   RO         4435    i.ff_convert        ccsbcs.o
    0x08013b94   0x08013b94   0x00000030   Code   RO         3929    i.ff_cre_syncobj    dfs_elm.o
    0x08013bc4   0x08013bc4   0x00000010   Code   RO         3930    i.ff_del_syncobj    dfs_elm.o
    0x08013bd4   0x08013bd4   0x0000000c   Code   RO         3931    i.ff_memalloc       dfs_elm.o
    0x08013be0   0x08013be0   0x0000000c   Code   RO         3932    i.ff_memfree        dfs_elm.o
    0x08013bec   0x08013bec   0x0000000c   Code   RO         3933    i.ff_rel_grant      dfs_elm.o
    0x08013bf8   0x08013bf8   0x00000018   Code   RO         3934    i.ff_req_grant      dfs_elm.o
    0x08013c10   0x08013c10   0x000000a4   Code   RO         4436    i.ff_wtoupper       ccsbcs.o
    0x08013cb4   0x08013cb4   0x0000030a   Code   RO         4142    i.find_volume       ff.o
    0x08013fbe   0x08013fbe   0x00000002   PAD
    0x08013fc0   0x08013fc0   0x00000094   Code   RO         5376    i.finsh_get_prompt  shell.o
    0x08014054   0x08014054   0x0000005c   Code   RO         5378    i.finsh_getchar     shell.o
    0x080140b0   0x080140b0   0x00000040   Code   RO         5379    i.finsh_rx_ind      shell.o
    0x080140f0   0x080140f0   0x000000dc   Code   RO         5380    i.finsh_set_device  shell.o
    0x080141cc   0x080141cc   0x00000048   Code   RO         5383    i.finsh_set_prompt_mode  shell.o
    0x08014214   0x08014214   0x00000014   Code   RO         5384    i.finsh_system_function_init  shell.o
    0x08014228   0x08014228   0x0000009c   Code   RO         5385    i.finsh_system_init  shell.o
    0x080142c4   0x080142c4   0x00000504   Code   RO         5387    i.finsh_thread_entry  shell.o
    0x080147c8   0x080147c8   0x000000a2   Code   RO         4143    i.follow_path       ff.o
    0x0801486a   0x0801486a   0x00000002   PAD
    0x0801486c   0x0801486c   0x00000080   Code   RO         6146    i.free_socket       at_socket.o
    0x080148ec   0x080148ec   0x0000000c   Code   RO         6795    i.freeaddrinfo      net_netdb.o
    0x080148f8   0x080148f8   0x0000008c   Code   RO         9920    i.frexp             m_wm.l(frexp.o)
    0x08014984   0x08014984   0x000000ba   Code   RO         4144    i.gen_numname       ff.o
    0x08014a3e   0x08014a3e   0x00000002   PAD
    0x08014a40   0x08014a40   0x00000024   Code   RO         3935    i.get_disk          dfs_elm.o
    0x08014a64   0x08014a64   0x000000e0   Code   RO         4145    i.get_fat           ff.o
    0x08014b44   0x08014b44   0x00000004   Code   RO         3936    i.get_fattime       dfs_elm.o
    0x08014b48   0x08014b48   0x00000148   Code   RO         4146    i.get_fileinfo      ff.o
    0x08014c90   0x08014c90   0x0000004a   Code   RO         4147    i.get_ldnumber      ff.o
    0x08014cda   0x08014cda   0x00000002   PAD
    0x08014cdc   0x08014cdc   0x00000024   Code   RO         1986    i.get_pin           drv_gpio.o
    0x08014d00   0x08014d00   0x000000bc   Code   RO         6004    i.get_urc_obj       at_client.o
    0x08014dbc   0x08014dbc   0x0000001c   Code   RO         6796    i.getaddrinfo       net_netdb.o
    0x08014dd8   0x08014dd8   0x00000020   Code   RO         3689    i.getcwd            dfs_posix.o
    0x08014df8   0x08014df8   0x00000080   Code   RO         3326    i.hard_fault_track  cpuport.o
    0x08014e78   0x08014e78   0x00000020   Code   RO         5506    i.hello             cmd.o
    0x08014e98   0x08014e98   0x00000030   Code   RO         6147    i.ipaddr_to_ipstr   at_socket.o
    0x08014ec8   0x08014ec8   0x00000056   Code   RO         6148    i.ipstr_atol        at_socket.o
    0x08014f1e   0x08014f1e   0x00000034   Code   RO         6149    i.ipstr_to_u32      at_socket.o
    0x08014f52   0x08014f52   0x00000026   Code   RO         4148    i.ld_clust          ff.o
    0x08014f78   0x08014f78   0x00000018   Code   RO         4149    i.ld_dword          ff.o
    0x08014f90   0x08014f90   0x0000000c   Code   RO         4150    i.ld_word           ff.o
    0x08014f9c   0x08014f9c   0x00000068   Code   RO         5507    i.list              cmd.o
    0x08015004   0x08015004   0x00000118   Code   RO         5508    i.list_device       cmd.o
    0x0801511c   0x0801511c   0x0000014a   Code   RO         5509    i.list_event        cmd.o
    0x08015266   0x08015266   0x00000002   PAD
    0x08015268   0x08015268   0x00000148   Code   RO         3403    i.list_fd           dfs.o
    0x080153b0   0x080153b0   0x0000002a   Code   RO         5510    i.list_find_init    cmd.o
    0x080153da   0x080153da   0x0000008e   Code   RO         5511    i.list_get_next     cmd.o
    0x08015468   0x08015468   0x00000162   Code   RO         5512    i.list_mailbox      cmd.o
    0x080155ca   0x080155ca   0x00000002   PAD
    0x080155cc   0x080155cc   0x00000078   Code   RO          834    i.list_mem          mem.o
    0x08015644   0x08015644   0x00000160   Code   RO         5513    i.list_mempool      cmd.o
    0x080157a4   0x080157a4   0x0000014a   Code   RO         5514    i.list_msgqueue     cmd.o
    0x080158ee   0x080158ee   0x00000002   PAD
    0x080158f0   0x080158f0   0x00000112   Code   RO         5515    i.list_mutex        cmd.o
    0x08015a02   0x08015a02   0x00000002   PAD
    0x08015a04   0x08015a04   0x0000013e   Code   RO         5516    i.list_sem          cmd.o
    0x08015b42   0x08015b42   0x00000002   PAD
    0x08015b44   0x08015b44   0x000001ea   Code   RO         5517    i.list_thread       cmd.o
    0x08015d2e   0x08015d2e   0x00000002   PAD
    0x08015d30   0x08015d30   0x00000160   Code   RO         5518    i.list_timer        cmd.o
    0x08015e90   0x08015e90   0x0000000c   Code   RO         4151    i.lock_fs           ff.o
    0x08015e9c   0x08015e9c   0x00000130   Code   RO         3506    i.ls                dfs_file.o
    0x08015fcc   0x08015fcc   0x00000096   Code   RO         3691    i.lseek             dfs_posix.o
    0x08016062   0x08016062   0x00000038   Code   RO         1467    i.main              main.o
    0x0801609a   0x0801609a   0x0000000e   Code   RO          104    i.main_thread_entry  components.o
    0x080160a8   0x080160a8   0x00000024   Code   RO         4152    i.mem_cmp           ff.o
    0x080160cc   0x080160cc   0x0000001a   Code   RO         4153    i.mem_cpy           ff.o
    0x080160e6   0x080160e6   0x00000002   PAD
    0x080160e8   0x080160e8   0x000000e8   Code   RO         3327    i.mem_manage_fault_track  cpuport.o
    0x080161d0   0x080161d0   0x00000012   Code   RO         4154    i.mem_set           ff.o
    0x080161e2   0x080161e2   0x00000002   PAD
    0x080161e4   0x080161e4   0x0000006c   Code   RO         3692    i.mkdir             dfs_posix.o
    0x08016250   0x08016250   0x00000010   Code   RO         3619    i.mkfs              dfs_fs.o
    0x08016260   0x08016260   0x00000174   Code   RO         5806    i.mktime            time.o
    0x080163d4   0x080163d4   0x00000034   Code   RO         4155    i.move_window       ff.o
    0x08016408   0x08016408   0x00000084   Code   RO         4761    i.msd_init          spi_msd.o
    0x0801648c   0x0801648c   0x000000c8   Code   RO         5624    i.msh_auto_complete  msh.o
    0x08016554   0x08016554   0x0000019e   Code   RO         5625    i.msh_auto_complete_path  msh.o
    0x080166f2   0x080166f2   0x00000002   PAD
    0x080166f4   0x080166f4   0x00000078   Code   RO         5626    i.msh_exec          msh.o
    0x0801676c   0x0801676c   0x0000012e   Code   RO         5779    i.msh_exec_script   msh_file.o
    0x0801689a   0x0801689a   0x00000002   PAD
    0x0801689c   0x0801689c   0x0000005c   Code   RO         5627    i.msh_get_cmd       msh.o
    0x080168f8   0x080168f8   0x00000080   Code   RO         5628    i.msh_help          msh.o
    0x08016978   0x08016978   0x00000004   Code   RO         5629    i.msh_is_used       msh.o
    0x0801697c   0x0801697c   0x0000007a   Code   RO         5780    i.msh_readline      msh_file.o
    0x080169f6   0x080169f6   0x00000002   PAD
    0x080169f8   0x080169f8   0x000000f0   Code   RO         5630    i.msh_split         msh.o
    0x08016ae8   0x08016ae8   0x0000002c   Code   RO         6324    i.netdev_auto_change_default  netdev.o
    0x08016b14   0x08016b14   0x000000b0   Code   RO         6325    i.netdev_cmd_netstat  netdev.o
    0x08016bc4   0x08016bc4   0x00000302   Code   RO         6326    i.netdev_cmd_ping   netdev.o
    0x08016ec6   0x08016ec6   0x00000002   PAD
    0x08016ec8   0x08016ec8   0x00000088   Code   RO         6328    i.netdev_dns        netdev.o
    0x08016f50   0x08016f50   0x00000024   Code   RO         6329    i.netdev_family_get  netdev.o
    0x08016f74   0x08016f74   0x00000098   Code   RO         6330    i.netdev_get_by_family  netdev.o
    0x0801700c   0x0801700c   0x00000060   Code   RO         6332    i.netdev_get_by_name  netdev.o
    0x0801706c   0x0801706c   0x00000050   Code   RO         6333    i.netdev_get_first_by_flags  netdev.o
    0x080170bc   0x080170bc   0x0000008c   Code   RO         6334    i.netdev_ifconfig   netdev.o
    0x08017148   0x08017148   0x000001ac   Code   RO         6557    i.netdev_ip4addr_aton  netdev_ipaddr.o
    0x080172f4   0x080172f4   0x00000014   Code   RO         6558    i.netdev_ip4addr_ntoa  netdev_ipaddr.o
    0x08017308   0x08017308   0x000000ae   Code   RO         6559    i.netdev_ip4addr_ntoa_r  netdev_ipaddr.o
    0x080173b6   0x080173b6   0x00000002   PAD
    0x080173b8   0x080173b8   0x000000bc   Code   RO         6335    i.netdev_list_dns   netdev.o
    0x08017474   0x08017474   0x00000324   Code   RO         6336    i.netdev_list_if    netdev.o
    0x08017798   0x08017798   0x0000003c   Code   RO         6337    i.netdev_low_level_set_dhcp_status  netdev.o
    0x080177d4   0x080177d4   0x00000068   Code   RO         6338    i.netdev_low_level_set_dns_server  netdev.o
    0x0801783c   0x0801783c   0x00000064   Code   RO         6339    i.netdev_low_level_set_gw  netdev.o
    0x080178a0   0x080178a0   0x00000060   Code   RO         6340    i.netdev_low_level_set_ipaddr  netdev.o
    0x08017900   0x08017900   0x00000066   Code   RO         6341    i.netdev_low_level_set_link_status  netdev.o
    0x08017966   0x08017966   0x00000002   PAD
    0x08017968   0x08017968   0x00000068   Code   RO         6342    i.netdev_low_level_set_netmask  netdev.o
    0x080179d0   0x080179d0   0x00000044   Code   RO         6343    i.netdev_low_level_set_status  netdev.o
    0x08017a14   0x08017a14   0x00000034   Code   RO         6344    i.netdev_netstat    netdev.o
    0x08017a48   0x08017a48   0x00000044   Code   RO         6345    i.netdev_ping       netdev.o
    0x08017a8c   0x08017a8c   0x000000c4   Code   RO         6346    i.netdev_register   netdev.o
    0x08017b50   0x08017b50   0x00000020   Code   RO         6348    i.netdev_set_default  netdev.o
    0x08017b70   0x08017b70   0x000000a4   Code   RO         6349    i.netdev_set_dns    netdev.o
    0x08017c14   0x08017c14   0x000000bc   Code   RO         6350    i.netdev_set_dns_server  netdev.o
    0x08017cd0   0x08017cd0   0x000000b4   Code   RO         6352    i.netdev_set_gw     netdev.o
    0x08017d84   0x08017d84   0x00000094   Code   RO         6353    i.netdev_set_if     netdev.o
    0x08017e18   0x08017e18   0x000000f4   Code   RO         6354    i.netdev_set_ipaddr  netdev.o
    0x08017f0c   0x08017f0c   0x000000b8   Code   RO         6355    i.netdev_set_netmask  netdev.o
    0x08017fc4   0x08017fc4   0x0000001c   Code   RO         5519    i.object_split      cmd.o
    0x08017fe0   0x08017fe0   0x0000005c   Code   RO         3693    i.open              dfs_posix.o
    0x0801803c   0x0801803c   0x00000080   Code   RO         3694    i.opendir           dfs_posix.o
    0x080180bc   0x080180bc   0x000000ac   Code   RO         2770    i.parse_array       cjson.o
    0x08018168   0x08018168   0x00000114   Code   RO         2771    i.parse_hex4        cjson.o
    0x0801827c   0x0801827c   0x000001d4   Code   RO         2772    i.parse_number      cjson.o
    0x08018450   0x08018450   0x00000114   Code   RO         2773    i.parse_object      cjson.o
    0x08018564   0x08018564   0x000001d2   Code   RO         2774    i.parse_string      cjson.o
    0x08018736   0x08018736   0x00000002   PAD
    0x08018738   0x08018738   0x000000bc   Code   RO         2775    i.parse_value       cjson.o
    0x080187f4   0x080187f4   0x00000088   Code   RO         4156    i.pick_lfn          ff.o
    0x0801887c   0x0801887c   0x0000010c   Code   RO          835    i.plug_holes        mem.o
    0x08018988   0x08018988   0x0000019e   Code   RO          637    i.print_number      kservice.o
    0x08018b26   0x08018b26   0x00000138   Code   RO         4157    i.put_fat           ff.o
    0x08018c5e   0x08018c5e   0x00000002   PAD
    0x08018c60   0x08018c60   0x00000080   Code   RO         4158    i.put_lfn           ff.o
    0x08018ce0   0x08018ce0   0x00000050   Code   RO         3695    i.read              dfs_posix.o
    0x08018d30   0x08018d30   0x00000084   Code   RO         3696    i.readdir           dfs_posix.o
    0x08018db4   0x08018db4   0x0000000c   Code   RO         2311    i.reboot            drv_common.o
    0x08018dc0   0x08018dc0   0x0000009a   Code   RO         4159    i.remove_chain      ff.o
    0x08018e5a   0x08018e5a   0x00000024   Code   RO         3697    i.rename            dfs_posix.o
    0x08018e7e   0x08018e7e   0x00000038   Code   RO         3698    i.rewinddir         dfs_posix.o
    0x08018eb6   0x08018eb6   0x00000002   PAD
    0x08018eb8   0x08018eb8   0x0000002c   Code   RO         3507    i.rm                dfs_file.o
    0x08018ee4   0x08018ee4   0x00000050   Code   RO          105    i.rt_application_init  components.o
    0x08018f34   0x08018f34   0x00000074   Code   RO          638    i.rt_assert_handler  kservice.o
    0x08018fa8   0x08018fa8   0x00000022   Code   RO          836    i.rt_calloc         mem.o
    0x08018fca   0x08018fca   0x00000002   PAD
    0x08018fcc   0x08018fcc   0x00000068   Code   RO         4849    i.rt_completion_done  completion.o
    0x08019034   0x08019034   0x00000048   Code   RO         4850    i.rt_completion_init  completion.o
    0x0801907c   0x0801907c   0x00000140   Code   RO         4851    i.rt_completion_wait  completion.o
    0x080191bc   0x080191bc   0x0000001c   Code   RO          106    i.rt_components_board_init  components.o
    0x080191d8   0x080191d8   0x0000001c   Code   RO          107    i.rt_components_init  components.o
    0x080191f4   0x080191f4   0x0000000c   Code   RO          640    i.rt_console_get_device  kservice.o
    0x08019200   0x08019200   0x00000034   Code   RO          641    i.rt_console_set_device  kservice.o
    0x08019234   0x08019234   0x00000064   Code   RO         4882    i.rt_data_queue_init  dataqueue.o
    0x08019298   0x08019298   0x00000080   Code   RO         4883    i.rt_data_queue_peak  dataqueue.o
    0x08019318   0x08019318   0x000001c0   Code   RO         4884    i.rt_data_queue_pop  dataqueue.o
    0x080194d8   0x080194d8   0x00000160   Code   RO         4885    i.rt_data_queue_push  dataqueue.o
    0x08019638   0x08019638   0x00000020   Code   RO         5246    i.rt_delayed_work_init  workqueue.o
    0x08019658   0x08019658   0x000000ac   Code   RO          178    i.rt_device_close   device.o
    0x08019704   0x08019704   0x00000094   Code   RO          179    i.rt_device_control  device.o
    0x08019798   0x08019798   0x0000007c   Code   RO          182    i.rt_device_find    device.o
    0x08019814   0x08019814   0x00000148   Code   RO          185    i.rt_device_open    device.o
    0x0801995c   0x0801995c   0x00000048   Code   RO         4467    i.rt_device_pin_register  pin.o
    0x080199a4   0x080199a4   0x000000b4   Code   RO          186    i.rt_device_read    device.o
    0x08019a58   0x08019a58   0x00000034   Code   RO          187    i.rt_device_register  device.o
    0x08019a8c   0x08019a8c   0x00000080   Code   RO          188    i.rt_device_set_rx_indicate  device.o
    0x08019b0c   0x08019b0c   0x000000b4   Code   RO          191    i.rt_device_write   device.o
    0x08019bc0   0x08019bc0   0x0000000c   Code   RO         4540    i.rt_dma_calc_recved_len  serial.o
    0x08019bcc   0x08019bcc   0x0000009c   Code   RO         4541    i.rt_dma_recv_update_get_index  serial.o
    0x08019c68   0x08019c68   0x000000a4   Code   RO         4542    i.rt_dma_recv_update_put_index  serial.o
    0x08019d0c   0x08019d0c   0x00000020   Code   RO         1104    i.rt_enter_critical  scheduler.o
    0x08019d2c   0x08019d2c   0x00000084   Code   RO          323    i.rt_event_create   ipc.o
    0x08019db0   0x08019db0   0x00000216   Code   RO          327    i.rt_event_recv     ipc.o
    0x08019fc6   0x08019fc6   0x00000002   PAD
    0x08019fc8   0x08019fc8   0x00000108   Code   RO          328    i.rt_event_send     ipc.o
    0x0801a0d0   0x0801a0d0   0x00000044   Code   RO         1105    i.rt_exit_critical  scheduler.o
    0x0801a114   0x0801a114   0x00000208   Code   RO          837    i.rt_free           mem.o
    0x0801a31c   0x0801a31c   0x0000004c   Code   RO         2312    i.rt_hw_board_init  drv_common.o
    0x0801a368   0x0801a368   0x00000002   Code   RO          644    i.rt_hw_console_output  kservice.o
    0x0801a36a   0x0801a36a   0x00000002   PAD
    0x0801a36c   0x0801a36c   0x00000010   Code   RO         3328    i.rt_hw_cpu_reset   cpuport.o
    0x0801a37c   0x0801a37c   0x0000022c   Code   RO         3331    i.rt_hw_hard_fault_exception  cpuport.o
    0x0801a5a8   0x0801a5a8   0x000000f4   Code   RO         1987    i.rt_hw_pin_init    drv_gpio.o
    0x0801a69c   0x0801a69c   0x000001e2   Code   RO         4543    i.rt_hw_serial_isr  serial.o
    0x0801a87e   0x0801a87e   0x00000002   PAD
    0x0801a880   0x0801a880   0x00000080   Code   RO         4544    i.rt_hw_serial_register  serial.o
    0x0801a900   0x0801a900   0x00000050   Code   RO         1916    i.rt_hw_spi1_tfcard  sdcard_port.o
    0x0801a950   0x0801a950   0x0000026c   Code   RO         2242    i.rt_hw_spi_bus_init  drv_spi.o
    0x0801abbc   0x0801abbc   0x0000016c   Code   RO         2243    i.rt_hw_spi_device_attach  drv_spi.o
    0x0801ad28   0x0801ad28   0x0000000c   Code   RO         2244    i.rt_hw_spi_init    drv_spi.o
    0x0801ad34   0x0801ad34   0x00000050   Code   RO         3332    i.rt_hw_stack_init  cpuport.o
    0x0801ad84   0x0801ad84   0x00000026   Code   RO         2313    i.rt_hw_systick_init  drv_common.o
    0x0801adaa   0x0801adaa   0x00000002   PAD
    0x0801adac   0x0801adac   0x000000f8   Code   RO         2099    i.rt_hw_usart_init  drv_usart.o
    0x0801aea4   0x0801aea4   0x00000038   Code   RO          597    i.rt_interrupt_enter  irq.o
    0x0801aedc   0x0801aedc   0x0000001c   Code   RO          599    i.rt_interrupt_get_nest  irq.o
    0x0801aef8   0x0801aef8   0x00000038   Code   RO          600    i.rt_interrupt_leave  irq.o
    0x0801af30   0x0801af30   0x00000018   Code   RO          329    i.rt_ipc_list_resume  ipc.o
    0x0801af48   0x0801af48   0x00000032   Code   RO          330    i.rt_ipc_list_resume_all  ipc.o
    0x0801af7a   0x0801af7a   0x0000006c   Code   RO          331    i.rt_ipc_list_suspend  ipc.o
    0x0801afe6   0x0801afe6   0x00000010   Code   RO          332    i.rt_ipc_object_init  ipc.o
    0x0801aff6   0x0801aff6   0x00000002   PAD
    0x0801aff8   0x0801aff8   0x00000068   Code   RO          645    i.rt_kprintf        kservice.o
    0x0801b060   0x0801b060   0x00000006   Code   RO          333    i.rt_list_init      ipc.o
    0x0801b066   0x0801b066   0x00000006   Code   RO         1106    i.rt_list_init      scheduler.o
    0x0801b06c   0x0801b06c   0x00000006   Code   RO         1345    i.rt_list_init      timer.o
    0x0801b072   0x0801b072   0x00000006   Code   RO         4887    i.rt_list_init      dataqueue.o
    0x0801b078   0x0801b078   0x00000006   Code   RO         5247    i.rt_list_init      workqueue.o
    0x0801b07e   0x0801b07e   0x0000000e   Code   RO          994    i.rt_list_insert_after  object.o
    0x0801b08c   0x0801b08c   0x0000000e   Code   RO         1201    i.rt_list_insert_after  thread.o
    0x0801b09a   0x0801b09a   0x0000000e   Code   RO         1346    i.rt_list_insert_after  timer.o
    0x0801b0a8   0x0801b0a8   0x0000000e   Code   RO         5248    i.rt_list_insert_after  workqueue.o
    0x0801b0b6   0x0801b0b6   0x0000000e   Code   RO          334    i.rt_list_insert_before  ipc.o
    0x0801b0c4   0x0801b0c4   0x0000000e   Code   RO         4888    i.rt_list_insert_before  dataqueue.o
    0x0801b0d2   0x0801b0d2   0x00000010   Code   RO          335    i.rt_list_isempty   ipc.o
    0x0801b0e2   0x0801b0e2   0x00000010   Code   RO         1347    i.rt_list_isempty   timer.o
    0x0801b0f2   0x0801b0f2   0x00000010   Code   RO         4852    i.rt_list_isempty   completion.o
    0x0801b102   0x0801b102   0x00000010   Code   RO         4889    i.rt_list_isempty   dataqueue.o
    0x0801b112   0x0801b112   0x00000010   Code   RO         5520    i.rt_list_isempty   cmd.o
    0x0801b122   0x0801b122   0x00000014   Code   RO         5521    i.rt_list_len       cmd.o
    0x0801b136   0x0801b136   0x00000012   Code   RO          995    i.rt_list_remove    object.o
    0x0801b148   0x0801b148   0x00000012   Code   RO         1202    i.rt_list_remove    thread.o
    0x0801b15a   0x0801b15a   0x00000012   Code   RO         5249    i.rt_list_remove    workqueue.o
    0x0801b16c   0x0801b16c   0x000002bc   Code   RO          839    i.rt_malloc         mem.o
    0x0801b428   0x0801b428   0x00000026   Code   RO          648    i.rt_memcmp         kservice.o
    0x0801b44e   0x0801b44e   0x0000007c   Code   RO          649    i.rt_memcpy         kservice.o
    0x0801b4ca   0x0801b4ca   0x00000042   Code   RO          650    i.rt_memmove        kservice.o
    0x0801b50c   0x0801b50c   0x00000048   Code   RO          651    i.rt_memset         kservice.o
    0x0801b554   0x0801b554   0x00000006   Code   RO         4762    i.rt_msd_close      spi_msd.o
    0x0801b55a   0x0801b55a   0x00000002   PAD
    0x0801b55c   0x0801b55c   0x00000050   Code   RO         4763    i.rt_msd_control    spi_msd.o
    0x0801b5ac   0x0801b5ac   0x00000a38   Code   RO         4764    i.rt_msd_init       spi_msd.o
    0x0801bfe4   0x0801bfe4   0x00000006   Code   RO         4765    i.rt_msd_open       spi_msd.o
    0x0801bfea   0x0801bfea   0x000000e4   Code   RO         4766    i.rt_msd_read       spi_msd.o
    0x0801c0ce   0x0801c0ce   0x000000dc   Code   RO         4767    i.rt_msd_sdhc_read  spi_msd.o
    0x0801c1aa   0x0801c1aa   0x0000014c   Code   RO         4768    i.rt_msd_sdhc_write  spi_msd.o
    0x0801c2f6   0x0801c2f6   0x0000015c   Code   RO         4769    i.rt_msd_write      spi_msd.o
    0x0801c452   0x0801c452   0x00000002   PAD
    0x0801c454   0x0801c454   0x00000090   Code   RO          353    i.rt_mutex_create   ipc.o
    0x0801c4e4   0x0801c4e4   0x00000100   Code   RO          354    i.rt_mutex_delete   ipc.o
    0x0801c5e4   0x0801c5e4   0x00000054   Code   RO          356    i.rt_mutex_init     ipc.o
    0x0801c638   0x0801c638   0x000001b0   Code   RO          357    i.rt_mutex_release  ipc.o
    0x0801c7e8   0x0801c7e8   0x000001f4   Code   RO          358    i.rt_mutex_take     ipc.o
    0x0801c9dc   0x0801c9dc   0x000000ec   Code   RO          996    i.rt_object_allocate  object.o
    0x0801cac8   0x0801cac8   0x000000a0   Code   RO          998    i.rt_object_delete  object.o
    0x0801cb68   0x0801cb68   0x0000005c   Code   RO          999    i.rt_object_detach  object.o
    0x0801cbc4   0x0801cbc4   0x00000028   Code   RO         1002    i.rt_object_get_information  object.o
    0x0801cbec   0x0801cbec   0x00000034   Code   RO         1003    i.rt_object_get_type  object.o
    0x0801cc20   0x0801cc20   0x000000bc   Code   RO         1004    i.rt_object_init    object.o
    0x0801ccdc   0x0801ccdc   0x0000003c   Code   RO         1005    i.rt_object_is_systemobject  object.o
    0x0801cd18   0x0801cd18   0x00000048   Code   RO         4471    i.rt_pin_mode       pin.o
    0x0801cd60   0x0801cd60   0x00000044   Code   RO         4472    i.rt_pin_read       pin.o
    0x0801cda4   0x0801cda4   0x00000048   Code   RO         4473    i.rt_pin_write      pin.o
    0x0801cdec   0x0801cdec   0x0000018a   Code   RO          842    i.rt_realloc        mem.o
    0x0801cf76   0x0801cf76   0x00000002   PAD
    0x0801cf78   0x0801cf78   0x00000058   Code   RO         5125    i.rt_ringbuffer_create  ringbuffer.o
    0x0801cfd0   0x0801cfd0   0x0000004c   Code   RO         5126    i.rt_ringbuffer_data_len  ringbuffer.o
    0x0801d01c   0x0801d01c   0x00000034   Code   RO         5127    i.rt_ringbuffer_destroy  ringbuffer.o
    0x0801d050   0x0801d050   0x0000007c   Code   RO         5129    i.rt_ringbuffer_getchar  ringbuffer.o
    0x0801d0cc   0x0801d0cc   0x00000070   Code   RO         5130    i.rt_ringbuffer_init  ringbuffer.o
    0x0801d13c   0x0801d13c   0x000000fc   Code   RO         5132    i.rt_ringbuffer_put_force  ringbuffer.o
    0x0801d238   0x0801d238   0x0000002a   Code   RO         5136    i.rt_ringbuffer_status  ringbuffer.o
    0x0801d262   0x0801d262   0x00000002   PAD
    0x0801d264   0x0801d264   0x0000010c   Code   RO         1107    i.rt_schedule       scheduler.o
    0x0801d370   0x0801d370   0x0000009c   Code   RO         1108    i.rt_schedule_insert_thread  scheduler.o
    0x0801d40c   0x0801d40c   0x00000080   Code   RO         1109    i.rt_schedule_remove_thread  scheduler.o
    0x0801d48c   0x0801d48c   0x00000074   Code   RO          359    i.rt_sem_control    ipc.o
    0x0801d500   0x0801d500   0x000000ac   Code   RO          360    i.rt_sem_create     ipc.o
    0x0801d5ac   0x0801d5ac   0x000000f8   Code   RO          361    i.rt_sem_delete     ipc.o
    0x0801d6a4   0x0801d6a4   0x00000090   Code   RO          362    i.rt_sem_detach     ipc.o
    0x0801d734   0x0801d734   0x0000006c   Code   RO          363    i.rt_sem_init       ipc.o
    0x0801d7a0   0x0801d7a0   0x00000090   Code   RO          364    i.rt_sem_release    ipc.o
    0x0801d830   0x0801d830   0x000001a4   Code   RO          365    i.rt_sem_take       ipc.o
    0x0801d9d4   0x0801d9d4   0x0000000e   Code   RO          366    i.rt_sem_trytake    ipc.o
    0x0801d9e2   0x0801d9e2   0x00000002   PAD
    0x0801d9e4   0x0801d9e4   0x00000184   Code   RO         4545    i.rt_serial_close   serial.o
    0x0801db68   0x0801db68   0x000000a4   Code   RO         4546    i.rt_serial_control  serial.o
    0x0801dc0c   0x0801dc0c   0x00000048   Code   RO         4547    i.rt_serial_init    serial.o
    0x0801dc54   0x0801dc54   0x000002ac   Code   RO         4548    i.rt_serial_open    serial.o
    0x0801df00   0x0801df00   0x0000006c   Code   RO         4549    i.rt_serial_read    serial.o
    0x0801df6c   0x0801df6c   0x0000006c   Code   RO         4550    i.rt_serial_write   serial.o
    0x0801dfd8   0x0801dfd8   0x00000028   Code   RO          652    i.rt_set_errno      kservice.o
    0x0801e000   0x0801e000   0x000000b0   Code   RO          653    i.rt_show_version   kservice.o
    0x0801e0b0   0x0801e0b0   0x00000014   Code   RO         2398    i.rt_slist_append   at_device.o
    0x0801e0c4   0x0801e0c4   0x0000000e   Code   RO         6150    i.rt_slist_isempty  at_socket.o
    0x0801e0d2   0x0801e0d2   0x00000006   Code   RO         6359    i.rt_slist_next     netdev.o
    0x0801e0d8   0x0801e0d8   0x0000001e   Code   RO         6151    i.rt_slist_remove   at_socket.o
    0x0801e0f6   0x0801e0f6   0x00000026   Code   RO          654    i.rt_snprintf       kservice.o
    0x0801e11c   0x0801e11c   0x0000004a   Code   RO         4632    i.rt_spi_bus_attach_device  spi_core.o
    0x0801e166   0x0801e166   0x00000002   PAD
    0x0801e168   0x0801e168   0x00000058   Code   RO         4711    i.rt_spi_bus_device_init  spi_dev.o
    0x0801e1c0   0x0801e1c0   0x00000038   Code   RO         4633    i.rt_spi_bus_register  spi_core.o
    0x0801e1f8   0x0801e1f8   0x00000078   Code   RO         4634    i.rt_spi_configure  spi_core.o
    0x0801e270   0x0801e270   0x0000007c   Code   RO         4635    i.rt_spi_release    spi_core.o
    0x0801e2ec   0x0801e2ec   0x0000007c   Code   RO         4639    i.rt_spi_take       spi_core.o
    0x0801e368   0x0801e368   0x000000f8   Code   RO         4641    i.rt_spi_transfer   spi_core.o
    0x0801e460   0x0801e460   0x00000058   Code   RO         4712    i.rt_spidev_device_init  spi_dev.o
    0x0801e4b8   0x0801e4b8   0x00000022   Code   RO          655    i.rt_sprintf        kservice.o
    0x0801e4da   0x0801e4da   0x0000001c   Code   RO          657    i.rt_strcmp         kservice.o
    0x0801e4f6   0x0801e4f6   0x00000028   Code   RO          658    i.rt_strdup         kservice.o
    0x0801e51e   0x0801e51e   0x00000012   Code   RO          659    i.rt_strlen         kservice.o
    0x0801e530   0x0801e530   0x00000028   Code   RO          660    i.rt_strncmp        kservice.o
    0x0801e558   0x0801e558   0x00000034   Code   RO          661    i.rt_strncpy        kservice.o
    0x0801e58c   0x0801e58c   0x0000003a   Code   RO          663    i.rt_strstr         kservice.o
    0x0801e5c6   0x0801e5c6   0x00000002   PAD
    0x0801e5c8   0x0801e5c8   0x00000154   Code   RO          843    i.rt_system_heap_init  mem.o
    0x0801e71c   0x0801e71c   0x00000040   Code   RO         1111    i.rt_system_scheduler_init  scheduler.o
    0x0801e75c   0x0801e75c   0x00000028   Code   RO         1112    i.rt_system_scheduler_start  scheduler.o
    0x0801e784   0x0801e784   0x0000001c   Code   RO         1348    i.rt_system_timer_init  timer.o
    0x0801e7a0   0x0801e7a0   0x00000002   Code   RO         1349    i.rt_system_timer_thread_init  timer.o
    0x0801e7a2   0x0801e7a2   0x00000002   PAD
    0x0801e7a4   0x0801e7a4   0x000000b8   Code   RO         1203    i.rt_thread_control  thread.o
    0x0801e85c   0x0801e85c   0x00000056   Code   RO         1204    i.rt_thread_create  thread.o
    0x0801e8b2   0x0801e8b2   0x0000000c   Code   RO         1205    i.rt_thread_delay   thread.o
    0x0801e8be   0x0801e8be   0x00000002   PAD
    0x0801e8c0   0x0801e8c0   0x000000d0   Code   RO         1206    i.rt_thread_delete  thread.o
    0x0801e990   0x0801e990   0x00000054   Code   RO         1208    i.rt_thread_exit    thread.o
    0x0801e9e4   0x0801e9e4   0x00000028   Code   RO          271    i.rt_thread_idle_entry  idle.o
    0x0801ea0c   0x0801ea0c   0x000000e4   Code   RO          272    i.rt_thread_idle_excute  idle.o
    0x0801eaf0   0x0801eaf0   0x00000060   Code   RO          274    i.rt_thread_idle_init  idle.o
    0x0801eb50   0x0801eb50   0x00000082   Code   RO         1210    i.rt_thread_init    thread.o
    0x0801ebd2   0x0801ebd2   0x00000014   Code   RO         1212    i.rt_thread_mdelay  thread.o
    0x0801ebe6   0x0801ebe6   0x00000002   PAD
    0x0801ebe8   0x0801ebe8   0x0000009c   Code   RO         1213    i.rt_thread_resume  thread.o
    0x0801ec84   0x0801ec84   0x0000000c   Code   RO         1215    i.rt_thread_self    thread.o
    0x0801ec90   0x0801ec90   0x00000080   Code   RO         1216    i.rt_thread_sleep   thread.o
    0x0801ed10   0x0801ed10   0x000000c4   Code   RO         1217    i.rt_thread_startup  thread.o
    0x0801edd4   0x0801edd4   0x000000dc   Code   RO         1218    i.rt_thread_suspend  thread.o
    0x0801eeb0   0x0801eeb0   0x000000b4   Code   RO         1220    i.rt_thread_timeout  thread.o
    0x0801ef64   0x0801ef64   0x0000000a   Code   RO         1221    i.rt_thread_yield   thread.o
    0x0801ef6e   0x0801ef6e   0x00000038   Code   RO            2    i.rt_tick_from_millisecond  clock.o
    0x0801efa6   0x0801efa6   0x00000002   PAD
    0x0801efa8   0x0801efa8   0x0000000c   Code   RO            3    i.rt_tick_get       clock.o
    0x0801efb4   0x0801efb4   0x00000030   Code   RO            4    i.rt_tick_increase  clock.o
    0x0801efe4   0x0801efe4   0x00000040   Code   RO         4770    i.rt_tick_timeout   spi_msd.o
    0x0801f024   0x0801f024   0x000000b4   Code   RO         1350    i.rt_timer_check    timer.o
    0x0801f0d8   0x0801f0d8   0x000000b8   Code   RO         1351    i.rt_timer_control  timer.o
    0x0801f190   0x0801f190   0x000000d4   Code   RO         1354    i.rt_timer_detach   timer.o
    0x0801f264   0x0801f264   0x00000054   Code   RO         1357    i.rt_timer_init     timer.o
    0x0801f2b8   0x0801f2b8   0x000001c0   Code   RO         1360    i.rt_timer_start    timer.o
    0x0801f478   0x0801f478   0x000000c0   Code   RO         1361    i.rt_timer_stop     timer.o
    0x0801f538   0x0801f538   0x00000336   Code   RO          664    i.rt_vsnprintf      kservice.o
    0x0801f86e   0x0801f86e   0x00000016   Code   RO          665    i.rt_vsprintf       kservice.o
    0x0801f884   0x0801f884   0x00000018   Code   RO         5251    i.rt_work_submit    workqueue.o
    0x0801f89c   0x0801f89c   0x00000030   Code   RO         5252    i.rt_work_sys_workqueue_init  workqueue.o
    0x0801f8cc   0x0801f8cc   0x00000068   Code   RO         5256    i.rt_workqueue_create  workqueue.o
    0x0801f934   0x0801f934   0x00000074   Code   RO         5260    i.rt_workqueue_submit_work  workqueue.o
    0x0801f9a8   0x0801f9a8   0x00000004   Code   RO          108    i.rti_board_end     components.o
    0x0801f9ac   0x0801f9ac   0x00000004   Code   RO          109    i.rti_board_start   components.o
    0x0801f9b0   0x0801f9b0   0x00000004   Code   RO          110    i.rti_end           components.o
    0x0801f9b4   0x0801f9b4   0x00000004   Code   RO          111    i.rti_start         components.o
    0x0801f9b8   0x0801f9b8   0x0000002a   Code   RO          112    i.rtthread_startup  components.o
    0x0801f9e2   0x0801f9e2   0x00000002   PAD
    0x0801f9e4   0x0801f9e4   0x00000028   Code   RO         6825    i.sal_at_netdev_set_pf_info  af_inet_at.o
    0x0801fa0c   0x0801fa0c   0x000000bc   Code   RO         6602    i.sal_check_netdev_internet_up  sal_socket.o
    0x0801fac8   0x0801fac8   0x0000004c   Code   RO         6603    i.sal_closesocket   sal_socket.o
    0x0801fb14   0x0801fb14   0x0000005c   Code   RO         6604    i.sal_connect       sal_socket.o
    0x0801fb70   0x0801fb70   0x00000058   Code   RO         6605    i.sal_freeaddrinfo  sal_socket.o
    0x0801fbc8   0x0801fbc8   0x00000074   Code   RO         6606    i.sal_get_socket    sal_socket.o
    0x0801fc3c   0x0801fc3c   0x00000078   Code   RO         6607    i.sal_getaddrinfo   sal_socket.o
    0x0801fcb4   0x0801fcb4   0x00000100   Code   RO         6613    i.sal_init          sal_socket.o
    0x0801fdb4   0x0801fdb4   0x0000002c   Code   RO         6616    i.sal_lock          sal_socket.o
    0x0801fde0   0x0801fde0   0x0000006c   Code   RO         6618    i.sal_recvfrom      sal_socket.o
    0x0801fe4c   0x0801fe4c   0x0000006c   Code   RO         6619    i.sal_sendto        sal_socket.o
    0x0801feb8   0x0801feb8   0x00000056   Code   RO         6620    i.sal_setsockopt    sal_socket.o
    0x0801ff0e   0x0801ff0e   0x00000002   PAD
    0x0801ff10   0x0801ff10   0x000000fa   Code   RO         6623    i.sal_socket        sal_socket.o
    0x0802000a   0x0802000a   0x00000002   PAD
    0x0802000c   0x0802000c   0x00000010   Code   RO         6624    i.sal_unlock        sal_socket.o
    0x0802001c   0x0802001c   0x000000d4   Code   RO         1917    i.sd_mount          sdcard_port.o
    0x080200f0   0x080200f0   0x00000038   Code   RO         5388    i.shell_auto_complete  shell.o
    0x08020128   0x08020128   0x00000030   Code   RO         5389    i.shell_handle_history  shell.o
    0x08020158   0x08020158   0x000000d8   Code   RO         5390    i.shell_push_history  shell.o
    0x08020230   0x08020230   0x00000030   Code   RO         5522    i.show_wait_queue   cmd.o
    0x08020260   0x08020260   0x00000012   Code   RO         2783    i.skip              cjson.o
    0x08020272   0x08020272   0x00000026   Code   RO          666    i.skip_atoi         kservice.o
    0x08020298   0x08020298   0x00000092   Code   RO         6625    i.socket_alloc      sal_socket.o
    0x0802032a   0x0802032a   0x00000002   PAD
    0x0802032c   0x0802032c   0x00000060   Code   RO         6626    i.socket_delete     sal_socket.o
    0x0802038c   0x0802038c   0x0000001c   Code   RO         6627    i.socket_free       sal_socket.o
    0x080203a8   0x080203a8   0x0000010e   Code   RO         6628    i.socket_init       sal_socket.o
    0x080204b6   0x080204b6   0x00000002   PAD
    0x080204b8   0x080204b8   0x00000040   Code   RO         6629    i.socket_new        sal_socket.o
    0x080204f8   0x080204f8   0x0000001c   Code   RO         6152    i.socketaddr_to_ipaddr_port  at_socket.o
    0x08020514   0x08020514   0x00000068   Code   RO         2245    i.spi_configure     drv_spi.o
    0x0802057c   0x0802057c   0x00000246   Code   RO         2246    i.spixfer           drv_spi.o
    0x080207c2   0x080207c2   0x0000006e   Code   RO         9721    i.sqrt              m_wm.l(sqrt.o)
    0x08020830   0x08020830   0x00000024   Code   RO         4160    i.st_clust          ff.o
    0x08020854   0x08020854   0x00000018   Code   RO         4161    i.st_dword          ff.o
    0x0802086c   0x0802086c   0x0000000c   Code   RO         4162    i.st_word           ff.o
    0x08020878   0x08020878   0x00000108   Code   RO         2100    i.stm32_configure   drv_usart.o
    0x08020980   0x08020980   0x000000ec   Code   RO         2101    i.stm32_control     drv_usart.o
    0x08020a6c   0x08020a6c   0x00000194   Code   RO         2102    i.stm32_dma_config  drv_usart.o
    0x08020c00   0x08020c00   0x00000074   Code   RO         2103    i.stm32_dma_transmit  drv_usart.o
    0x08020c74   0x08020c74   0x00000002   Code   RO         2247    i.stm32_get_dma_info  drv_spi.o
    0x08020c76   0x08020c76   0x00000002   PAD
    0x08020c78   0x08020c78   0x00000060   Code   RO         2104    i.stm32_getc        drv_usart.o
    0x08020cd8   0x08020cd8   0x000000e2   Code   RO         1988    i.stm32_pin_attach_irq  drv_gpio.o
    0x08020dba   0x08020dba   0x00000002   PAD
    0x08020dbc   0x08020dbc   0x0000008c   Code   RO         1989    i.stm32_pin_dettach_irq  drv_gpio.o
    0x08020e48   0x08020e48   0x00000196   Code   RO         1990    i.stm32_pin_irq_enable  drv_gpio.o
    0x08020fde   0x08020fde   0x00000074   Code   RO         1991    i.stm32_pin_mode    drv_gpio.o
    0x08021052   0x08021052   0x0000002a   Code   RO         1992    i.stm32_pin_read    drv_gpio.o
    0x0802107c   0x0802107c   0x00000028   Code   RO         1993    i.stm32_pin_write   drv_gpio.o
    0x080210a4   0x080210a4   0x00000048   Code   RO         2105    i.stm32_putc        drv_usart.o
    0x080210ec   0x080210ec   0x00000088   Code   RO         1918    i.stm32_sdcard_mount  sdcard_port.o
    0x08021174   0x08021174   0x000001fc   Code   RO         2248    i.stm32_spi_init    drv_spi.o
    0x08021370   0x08021370   0x00000018   Code   RO         2106    i.stm32_uart_get_dma_config  drv_usart.o
    0x08021388   0x08021388   0x00000020   Code   RO         5631    i.str_common        msh.o
    0x080213a8   0x080213a8   0x00000020   Code   RO         4163    i.sum_sfn           ff.o
    0x080213c8   0x080213c8   0x00000090   Code   RO         4164    i.sync_fs           ff.o
    0x08021458   0x08021458   0x00000052   Code   RO         4165    i.sync_window       ff.o
    0x080214aa   0x080214aa   0x00000002   PAD
    0x080214ac   0x080214ac   0x00000168   Code   RO         2107    i.uart_isr          drv_usart.o
    0x08021614   0x08021614   0x00000020   Code   RO         3704    i.unlink            dfs_posix.o
    0x08021634   0x08021634   0x0000001c   Code   RO         4166    i.unlock_fs         ff.o
    0x08021650   0x08021650   0x00000002   Code   RO         2498    i.urc_busy_p_func   at_device_esp8266.o
    0x08021652   0x08021652   0x00000002   Code   RO         2499    i.urc_busy_s_func   at_device_esp8266.o
    0x08021654   0x08021654   0x000000dc   Code   RO         2641    i.urc_close_func    at_socket_esp8266.o
    0x08021730   0x08021730   0x00000180   Code   RO         2500    i.urc_func          at_device_esp8266.o
    0x080218b0   0x080218b0   0x000001e6   Code   RO         2642    i.urc_recv_func     at_socket_esp8266.o
    0x08021a96   0x08021a96   0x00000002   PAD
    0x08021a98   0x08021a98   0x0000004c   Code   RO         2643    i.urc_send_bfsz_func  at_socket_esp8266.o
    0x08021ae4   0x08021ae4   0x000000f0   Code   RO         2644    i.urc_send_func     at_socket_esp8266.o
    0x08021bd4   0x08021bd4   0x000000e8   Code   RO         3333    i.usage_fault_track  cpuport.o
    0x08021cbc   0x08021cbc   0x00000048   Code   RO         4167    i.validate          ff.o
    0x08021d04   0x08021d04   0x0000000a   Code   RO         5523    i.version           cmd.o
    0x08021d0e   0x08021d0e   0x00000002   PAD
    0x08021d10   0x08021d10   0x00000070   Code   RO         3142    i.webclient_close   webclient.o
    0x08021d80   0x08021d80   0x00000248   Code   RO         3143    i.webclient_connect  webclient.o
    0x08021fc8   0x08021fc8   0x00000024   Code   RO         3144    i.webclient_content_length_get  webclient.o
    0x08021fec   0x08021fec   0x00000258   Code   RO         3147    i.webclient_handle_response  webclient.o
    0x08022244   0x08022244   0x00000144   Code   RO         3148    i.webclient_header_fields_add  webclient.o
    0x08022388   0x08022388   0x000000b8   Code   RO         3149    i.webclient_header_fields_get  webclient.o
    0x08022440   0x08022440   0x000000a0   Code   RO         3150    i.webclient_next_chunk  webclient.o
    0x080224e0   0x080224e0   0x0000007c   Code   RO         3151    i.webclient_post    webclient.o
    0x0802255c   0x0802255c   0x00000170   Code   RO         3152    i.webclient_read    webclient.o
    0x080226cc   0x080226cc   0x000000c4   Code   RO         3153    i.webclient_read_line  webclient.o
    0x08022790   0x08022790   0x00000022   Code   RO         3154    i.webclient_recv    webclient.o
    0x080227b2   0x080227b2   0x00000002   PAD
    0x080227b4   0x080227b4   0x0000024a   Code   RO         3157    i.webclient_resolve_address  webclient.o
    0x080229fe   0x080229fe   0x00000022   Code   RO         3160    i.webclient_send    webclient.o
    0x08022a20   0x08022a20   0x00000336   Code   RO         3161    i.webclient_send_header  webclient.o
    0x08022d56   0x08022d56   0x00000002   PAD
    0x08022d58   0x08022d58   0x00000170   Code   RO         3162    i.webclient_session_create  webclient.o
    0x08022ec8   0x08022ec8   0x00000098   Code   RO         3164    i.webclient_write   webclient.o
    0x08022f60   0x08022f60   0x00000050   Code   RO         3705    i.write             dfs_posix.o
    0x08022fb0   0x08022fb0   0x0000002c   Code   RO         9626    locale$$code        c_w.l(lc_ctype_c.o)
    0x08022fdc   0x08022fdc   0x0000002c   Code   RO         9812    locale$$code        c_w.l(lc_numeric_c.o)
    0x08023008   0x08023008   0x00000018   Code   RO         9675    x$fpl$basic         fz_wm.l(basic.o)
    0x08023020   0x08023020   0x00000062   Code   RO         9914    x$fpl$d2f           fz_wm.l(d2f.o)
    0x08023082   0x08023082   0x00000002   PAD
    0x08023084   0x08023084   0x00000150   Code   RO         9463    x$fpl$dadd          fz_wm.l(daddsub_clz.o)
    0x080231d4   0x080231d4   0x00000010   Code   RO         9823    x$fpl$dcheck1       fz_wm.l(dcheck1.o)
    0x080231e4   0x080231e4   0x00000018   Code   RO         9677    x$fpl$dcmpinf       fz_wm.l(dcmpi.o)
    0x080231fc   0x080231fc   0x000002b0   Code   RO         9680    x$fpl$ddiv          fz_wm.l(ddiv.o)
    0x080234ac   0x080234ac   0x00000078   Code   RO         9469    x$fpl$deqf          fz_wm.l(deqf.o)
    0x08023524   0x08023524   0x0000005e   Code   RO         9471    x$fpl$dfix          fz_wm.l(dfix.o)
    0x08023582   0x08023582   0x0000002e   Code   RO         9476    x$fpl$dflt          fz_wm.l(dflt_clz.o)
    0x080235b0   0x080235b0   0x00000078   Code   RO         9481    x$fpl$dleqf         fz_wm.l(dleqf.o)
    0x08023628   0x08023628   0x00000154   Code   RO         9483    x$fpl$dmul          fz_wm.l(dmul.o)
    0x0802377c   0x0802377c   0x0000009c   Code   RO         9683    x$fpl$dnaninf       fz_wm.l(dnaninf.o)
    0x08023818   0x08023818   0x0000000c   Code   RO         9685    x$fpl$dretinf       fz_wm.l(dretinf.o)
    0x08023824   0x08023824   0x0000006c   Code   RO         9485    x$fpl$drleqf        fz_wm.l(drleqf.o)
    0x08023890   0x08023890   0x00000016   Code   RO         9464    x$fpl$drsb          fz_wm.l(daddsub_clz.o)
    0x080238a6   0x080238a6   0x00000002   PAD
    0x080238a8   0x080238a8   0x00000198   Code   RO         9825    x$fpl$dsqrt         fz_wm.l(dsqrt_umaal.o)
    0x08023a40   0x08023a40   0x000001d4   Code   RO         9465    x$fpl$dsub          fz_wm.l(daddsub_clz.o)
    0x08023c14   0x08023c14   0x0000000a   Code   RO         9827    x$fpl$fpinit        fz_wm.l(fpinit.o)
    0x08023c1e   0x08023c1e   0x0000000a   Code   RO         9937    x$fpl$fretinf       fz_wm.l(fretinf.o)
    0x08023c28   0x08023c28   0x00000006   Code   RO         9829    x$fpl$ieeestatus    fz_wm.l(istatus.o)
    0x08023c2e   0x08023c2e   0x00000004   Code   RO         9489    x$fpl$printf1       fz_wm.l(printf1.o)
    0x08023c32   0x08023c32   0x00000004   Code   RO         9689    x$fpl$printf2       fz_wm.l(printf2.o)
    0x08023c36   0x08023c36   0x00000064   Code   RO         9864    x$fpl$retnan        fz_wm.l(retnan.o)
    0x08023c9a   0x08023c9a   0x0000005c   Code   RO         9695    x$fpl$scalbn        fz_wm.l(scalbn.o)
    0x08023cf6   0x08023cf6   0x00000004   Code   RO         9697    x$fpl$scanf1        fz_wm.l(scanf1.o)
    0x08023cfa   0x08023cfa   0x00000008   Code   RO         9866    x$fpl$scanf2        fz_wm.l(scanf2.o)
    0x08023d02   0x08023d02   0x00000030   Code   RO         9916    x$fpl$trapveneer    fz_wm.l(trapv.o)
    0x08023d32   0x08023d32   0x00000000   Code   RO         9699    x$fpl$usenofp       fz_wm.l(usenofp.o)
    0x08023d32   0x08023d32   0x00000014   Data   RO          113    .constdata          components.o
    0x08023d46   0x08023d46   0x000000c9   Data   RO          192    .constdata          device.o
    0x08023e0f   0x08023e0f   0x00000016   Data   RO          277    .constdata          idle.o
    0x08023e25   0x08023e25   0x000001f7   Data   RO          367    .constdata          ipc.o
    0x0802401c   0x0802401c   0x00000022   Data   RO          668    .constdata          kservice.o
    0x0802403e   0x0802403e   0x0000003c   Data   RO          845    .constdata          mem.o
    0x0802407a   0x0802407a   0x00000080   Data   RO         1010    .constdata          object.o
    0x080240fa   0x080240fa   0x0000004e   Data   RO         1114    .constdata          scheduler.o
    0x08024148   0x08024148   0x000000b9   Data   RO         1222    .constdata          thread.o
    0x08024201   0x08024201   0x0000005c   Data   RO         1362    .constdata          timer.o
    0x0802425d   0x0802425d   0x00000003   PAD
    0x08024260   0x08024260   0x00000658   Data   RO         1994    .constdata          drv_gpio.o
    0x080248b8   0x080248b8   0x000000fc   Data   RO         2109    .constdata          drv_usart.o
    0x080249b4   0x080249b4   0x00000058   Data   RO         2250    .constdata          drv_spi.o
    0x08024a0c   0x08024a0c   0x00000042   Data   RO         2399    .constdata          at_device.o
    0x08024a4e   0x08024a4e   0x00000002   PAD
    0x08024a50   0x08024a50   0x000000ef   Data   RO         2501    .constdata          at_device_esp8266.o
    0x08024b3f   0x08024b3f   0x00000001   PAD
    0x08024b40   0x08024b40   0x00000102   Data   RO         2645    .constdata          at_socket_esp8266.o
    0x08024c42   0x08024c42   0x00000007   Data   RO         2786    .constdata          cjson.o
    0x08024c49   0x08024c49   0x00000003   PAD
    0x08024c4c   0x08024c4c   0x000001b7   Data   RO         3165    .constdata          webclient.o
    0x08024e03   0x08024e03   0x00000023   Data   RO         3405    .constdata          dfs.o
    0x08024e26   0x08024e26   0x00000002   PAD
    0x08024e28   0x08024e28   0x00000040   Data   RO         3620    .constdata          dfs_fs.o
    0x08024e68   0x08024e68   0x000000c5   Data   RO         3846    .constdata          devfs.o
    0x08024f2d   0x08024f2d   0x00000003   PAD
    0x08024f30   0x08024f30   0x000000c1   Data   RO         3937    .constdata          dfs_elm.o
    0x08024ff1   0x08024ff1   0x00000001   PAD
    0x08024ff2   0x08024ff2   0x000000aa   Data   RO         4168    .constdata          ff.o
    0x0802509c   0x0802509c   0x000003ae   Data   RO         4437    .constdata          ccsbcs.o
    0x0802544a   0x0802544a   0x0000007d   Data   RO         4475    .constdata          pin.o
    0x080254c7   0x080254c7   0x0000012a   Data   RO         4551    .constdata          serial.o
    0x080255f1   0x080255f1   0x000000a3   Data   RO         4643    .constdata          spi_core.o
    0x08025694   0x08025694   0x00000081   Data   RO         4713    .constdata          spi_dev.o
    0x08025715   0x08025715   0x0000000f   Data   RO         4772    .constdata          spi_msd.o
    0x08025724   0x08025724   0x00000039   Data   RO         4853    .constdata          completion.o
    0x0802575d   0x0802575d   0x0000004b   Data   RO         4890    .constdata          dataqueue.o
    0x080257a8   0x080257a8   0x000000d6   Data   RO         5137    .constdata          ringbuffer.o
    0x0802587e   0x0802587e   0x000000c9   Data   RO         5261    .constdata          workqueue.o
    0x08025947   0x08025947   0x00000087   Data   RO         5392    .constdata          shell.o
    0x080259ce   0x080259ce   0x00000002   PAD
    0x080259d0   0x080259d0   0x00000058   Data   RO         5524    .constdata          cmd.o
    0x08025a28   0x08025a28   0x0000000e   Data   RO         5632    .constdata          msh.o
    0x08025a36   0x08025a36   0x00000075   Data   RO         5810    .constdata          time.o
    0x08025aab   0x08025aab   0x0000000c   Data   RO         5932    .constdata          at_cli.o
    0x08025ab7   0x08025ab7   0x000000d7   Data   RO         6006    .constdata          at_client.o
    0x08025b8e   0x08025b8e   0x0000003f   Data   RO         6154    .constdata          at_socket.o
    0x08025bcd   0x08025bcd   0x00000154   Data   RO         6360    .constdata          netdev.o
    0x08025d21   0x08025d21   0x00000014   Data   RO         6562    .constdata          netdev_ipaddr.o
    0x08025d35   0x08025d35   0x00000003   PAD
    0x08025d38   0x08025d38   0x0000007c   Data   RO         6631    .constdata          sal_socket.o
    0x08025db4   0x08025db4   0x00000072   Data   RO         6826    .constdata          af_inet_at.o
    0x08025e26   0x08025e26   0x00000002   PAD
    0x08025e28   0x08025e28   0x00000048   Data   RO         6847    .constdata          system_stm32l4xx.o
    0x08025e70   0x08025e70   0x00000028   Data   RO         9392    .constdata          c_w.l(_printf_hex_int_ll_ptr.o)
    0x08025e98   0x08025e98   0x00000011   Data   RO         9412    .constdata          c_w.l(__printf_flags_ss_wp.o)
    0x08025ea9   0x08025ea9   0x00000007   PAD
    0x08025eb0   0x08025eb0   0x00000088   Data   RO         9506    .constdata          m_wm.l(pow.o)
    0x08025f38   0x08025f38   0x00000008   Data   RO         9578    .constdata          c_w.l(_printf_wctomb.o)
    0x08025f40   0x08025f40   0x00000008   Data   RO         9718    .constdata          m_wm.l(qnan.o)
    0x08025f48   0x08025f48   0x00000026   Data   RO         9766    .constdata          c_w.l(_printf_fp_hex.o)
    0x08025f6e   0x08025f6e   0x00000002   PAD
    0x08025f70   0x08025f70   0x00000094   Data   RO         9783    .constdata          c_w.l(bigflt0.o)
    0x08026004   0x08026004   0x000000cf   Data   RO          368    .conststring        ipc.o
    0x080260d3   0x080260d3   0x00000001   PAD
    0x080260d4   0x080260d4   0x000000eb   Data   RO          846    .conststring        mem.o
    0x080261bf   0x080261bf   0x00000001   PAD
    0x080261c0   0x080261c0   0x00000042   Data   RO         1223    .conststring        thread.o
    0x08026202   0x08026202   0x00000002   PAD
    0x08026204   0x08026204   0x00000101   Data   RO         1679    .conststring        bd_speech_rcg.o
    0x08026305   0x08026305   0x00000003   PAD
    0x08026308   0x08026308   0x0000000e   Data   RO         2110    .conststring        drv_usart.o
    0x08026316   0x08026316   0x00000002   PAD
    0x08026318   0x08026318   0x00000005   Data   RO         2251    .conststring        drv_spi.o
    0x0802631d   0x0802631d   0x00000003   PAD
    0x08026320   0x08026320   0x00000083   Data   RO         2502    .conststring        at_device_esp8266.o
    0x080263a3   0x080263a3   0x00000001   PAD
    0x080263a4   0x080263a4   0x00000039   Data   RO         2646    .conststring        at_socket_esp8266.o
    0x080263dd   0x080263dd   0x00000003   PAD
    0x080263e0   0x080263e0   0x00000018   Data   RO         2710    .conststring        at_sample_esp8266.o
    0x080263f8   0x080263f8   0x00000088   Data   RO         3166    .conststring        webclient.o
    0x08026480   0x08026480   0x0000000b   Data   RO         3621    .conststring        dfs_fs.o
    0x0802648b   0x0802648b   0x00000001   PAD
    0x0802648c   0x0802648c   0x00000006   Data   RO         3847    .conststring        devfs.o
    0x08026492   0x08026492   0x00000002   PAD
    0x08026494   0x08026494   0x00000048   Data   RO         3938    .conststring        dfs_elm.o
    0x080264dc   0x080264dc   0x0000017d   Data   RO         5525    .conststring        cmd.o
    0x08026659   0x08026659   0x00000003   PAD
    0x0802665c   0x0802665c   0x0000008c   Data   RO         5933    .conststring        at_cli.o
    0x080266e8   0x080266e8   0x00000244   Data   RO         6007    .conststring        at_client.o
    0x0802692c   0x0802692c   0x00000062   Data   RO         6155    .conststring        at_socket.o
    0x0802698e   0x0802698e   0x00000002   PAD
    0x08026990   0x08026990   0x00000279   Data   RO         6361    .conststring        netdev.o
    0x08026c09   0x08026c09   0x00000027   Data   RO          848    .rodata.name        mem.o
    0x08026c30   0x08026c30   0x0000001d   Data   RO         1681    .rodata.name        bd_speech_rcg.o
    0x08026c4d   0x08026c4d   0x0000001b   Data   RO         2315    .rodata.name        drv_common.o
    0x08026c68   0x08026c68   0x00000023   Data   RO         3407    .rodata.name        dfs.o
    0x08026c8b   0x08026c8b   0x0000005f   Data   RO         3509    .rodata.name        dfs_file.o
    0x08026cea   0x08026cea   0x00000029   Data   RO         3622    .rodata.name        dfs_fs.o
    0x08026d13   0x08026d13   0x0000003d   Data   RO         3706    .rodata.name        dfs_posix.o
    0x08026d50   0x08026d50   0x00000069   Data   RO         4476    .rodata.name        pin.o
    0x08026db9   0x08026db9   0x0000032f   Data   RO         5526    .rodata.name        cmd.o
    0x080270e8   0x080270e8   0x00000021   Data   RO         5633    .rodata.name        msh.o
    0x08027109   0x08027109   0x0000020b   Data   RO         5698    .rodata.name        msh_cmd.o
    0x08027314   0x08027314   0x00000043   Data   RO         5935    .rodata.name        at_cli.o
    0x08027357   0x08027357   0x000000b8   Data   RO         6363    .rodata.name        netdev.o
    0x0802740f   0x0802740f   0x00000001   PAD
    0x08027410   0x08027410   0x00000004   Data   RO          114    .rti_fn.0           components.o
    0x08027414   0x08027414   0x00000004   Data   RO          115    .rti_fn.0.end       components.o
    0x08027418   0x08027418   0x00000004   Data   RO         2253    .rti_fn.1           drv_spi.o
    0x0802741c   0x0802741c   0x00000004   Data   RO          116    .rti_fn.1.end       components.o
    0x08027420   0x08027420   0x00000004   Data   RO         3408    .rti_fn.2           dfs.o
    0x08027424   0x08027424   0x00000004   Data   RO         1919    .rti_fn.3           sdcard_port.o
    0x08027428   0x08027428   0x00000004   Data   RO         2503    .rti_fn.3           at_device_esp8266.o
    0x0802742c   0x0802742c   0x00000004   Data   RO         5263    .rti_fn.3           workqueue.o
    0x08027430   0x08027430   0x00000004   Data   RO         3085    .rti_fn.4           cjson_port.o
    0x08027434   0x08027434   0x00000004   Data   RO         3940    .rti_fn.4           dfs_elm.o
    0x08027438   0x08027438   0x00000004   Data   RO         6633    .rti_fn.4           sal_socket.o
    0x0802743c   0x0802743c   0x00000004   Data   RO         1920    .rti_fn.6           sdcard_port.o
    0x08027440   0x08027440   0x00000004   Data   RO         2712    .rti_fn.6           at_sample_esp8266.o
    0x08027444   0x08027444   0x00000004   Data   RO         5394    .rti_fn.6           shell.o
    0x08027448   0x08027448   0x00000004   Data   RO          117    .rti_fn.6.end       components.o
    0x0802744c   0x0802744c   0x0000000c   Data   RO          849    FSymTab             mem.o
    0x08027458   0x08027458   0x0000000c   Data   RO         1682    FSymTab             bd_speech_rcg.o
    0x08027464   0x08027464   0x0000000c   Data   RO         2316    FSymTab             drv_common.o
    0x08027470   0x08027470   0x0000000c   Data   RO         3409    FSymTab             dfs.o
    0x0802747c   0x0802747c   0x00000030   Data   RO         3510    FSymTab             dfs_file.o
    0x080274ac   0x080274ac   0x00000018   Data   RO         3623    FSymTab             dfs_fs.o
    0x080274c4   0x080274c4   0x00000018   Data   RO         3707    FSymTab             dfs_posix.o
    0x080274dc   0x080274dc   0x00000024   Data   RO         4477    FSymTab             pin.o
    0x08027500   0x08027500   0x00000108   Data   RO         5527    FSymTab             cmd.o
    0x08027608   0x08027608   0x0000000c   Data   RO         5634    FSymTab             msh.o
    0x08027614   0x08027614   0x000000a8   Data   RO         5699    FSymTab             msh_cmd.o
    0x080276bc   0x080276bc   0x0000000c   Data   RO         5936    FSymTab             at_cli.o
    0x080276c8   0x080276c8   0x00000030   Data   RO         6364    FSymTab             netdev.o
    0x080276f8   0x080276f8   0x00000020   Data   RO         9972    Region$$Table       anon$$obj.o
    0x08027718   0x08027718   0x00000008   Data   RO         9860    c$$dinf             fz_wm.l(fpconst.o)
    0x08027720   0x08027720   0x00000008   Data   RO         9863    c$$dmax             fz_wm.l(fpconst.o)
    0x08027728   0x08027728   0x00000110   Data   RO         9625    locale$$data        c_w.l(lc_ctype_c.o)
    0x08027838   0x08027838   0x0000001c   Data   RO         9811    locale$$data        c_w.l(lc_numeric_c.o)


    Execution Region RW_IRAM1 (Exec base: 0x20000000, Load base: 0x08027854, Size: 0x000017f0, Max: 0x00018000, ABSOLUTE, COMPRESSED[0x000000b0])

    Exec Addr    Load Addr    Size         Type   Attr      Idx    E Section Name        Object

    0x20000000   COMPRESSED   0x00000004   Data   RW            6    .data               clock.o
    0x20000004   COMPRESSED   0x00000009   Data   RW          602    .data               irq.o
    0x2000000d   COMPRESSED   0x00000003   PAD
    0x20000010   COMPRESSED   0x0000000c   Data   RW          669    .data               kservice.o
    0x2000001c   COMPRESSED   0x00000020   Data   RW          847    .data               mem.o
    0x2000003c   COMPRESSED   0x000000a4   Data   RW         1011    .data               object.o
    0x200000e0   COMPRESSED   0x0000001c   Data   RW         1115    .data               scheduler.o
    0x200000fc   COMPRESSED   0x0000000c   Data   RW         1224    .data               thread.o
    0x20000108   COMPRESSED   0x00000014   Data   RW         1363    .data               timer.o
    0x2000011c   COMPRESSED   0x0000001c   Data   RW         1680    .data               bd_speech_rcg.o
    0x20000138   COMPRESSED   0x000000c4   Data   RW         1995    .data               drv_gpio.o
    0x200001fc   COMPRESSED   0x00000028   Data   RW         2111    .data               drv_usart.o
    0x20000224   COMPRESSED   0x00000010   Data   RW         2252    .data               drv_spi.o
    0x20000234   COMPRESSED   0x0000000c   Data   RW         2400    .data               at_device.o
    0x20000240   COMPRESSED   0x0000000c   Data   RW         2647    .data               at_socket_esp8266.o
    0x2000024c   COMPRESSED   0x00000040   Data   RW         2711    .data               at_sample_esp8266.o
    0x2000028c   COMPRESSED   0x0000000c   Data   RW         2787    .data               cjson.o
    0x20000298   COMPRESSED   0x00000010   Data   RW         3335    .data               cpuport.o
    0x200002a8   COMPRESSED   0x00000114   Data   RW         3406    .data               dfs.o
    0x200003bc   COMPRESSED   0x00000008   Data   RW         3939    .data               dfs_elm.o
    0x200003c4   COMPRESSED   0x0000000a   Data   RW         4169    .data               ff.o
    0x200003ce   COMPRESSED   0x00000002   PAD
    0x200003d0   COMPRESSED   0x00000004   Data   RW         5262    .data               workqueue.o
    0x200003d4   COMPRESSED   0x00000008   Data   RW         5393    .data               shell.o
    0x200003dc   COMPRESSED   0x00000010   Data   RW         5490    .data               symbol.o
    0x200003ec   COMPRESSED   0x00000004   Data   RW         5891    .data               at_utils.o
    0x200003f0   COMPRESSED   0x00000010   Data   RW         5934    .data               at_cli.o
    0x20000400   COMPRESSED   0x00000004   Data   RW         6008    .data               at_client.o
    0x20000404   COMPRESSED   0x00000018   Data   RW         6156    .data               at_socket.o
    0x2000041c   COMPRESSED   0x00000008   Data   RW         6362    .data               netdev.o
    0x20000424   COMPRESSED   0x0000000c   Data   RW         6632    .data               sal_socket.o
    0x20000430   COMPRESSED   0x00000004   Data   RW         6848    .data               system_stm32l4xx.o
    0x20000434   COMPRESSED   0x0000000c   Data   RW         6917    .data               stm32l4xx_hal.o
    0x20000440        -       0x00000190   Zero   RW          276    .bss                idle.o
    0x200005d0        -       0x00000100   Zero   RW          667    .bss                kservice.o
    0x200006d0        -       0x00000020   Zero   RW          844    .bss                mem.o
    0x200006f0        -       0x00000100   Zero   RW         1113    .bss                scheduler.o
    0x200007f0        -       0x000002e0   Zero   RW         2108    .bss                drv_usart.o
    0x20000ad0        -       0x00000170   Zero   RW         2249    .bss                drv_spi.o
    0x20000c40        -       0x00000044   Zero   RW         3404    .bss                dfs.o
    0x20000c84        -       0x00000128   Zero   RW         3508    .bss                dfs_file.o
    0x20000dac        -       0x00000044   Zero   RW         4474    .bss                pin.o
    0x20000df0        -       0x00000058   Zero   RW         4771    .bss                spi_msd.o
    0x20000e48        -       0x00000101   Zero   RW         5391    .bss                shell.o
    0x20000f49        -       0x00000080   Zero   RW         5890    .bss                at_utils.o
    0x20000fc9   COMPRESSED   0x00000003   PAD
    0x20000fcc        -       0x00000040   Zero   RW         5931    .bss                at_cli.o
    0x2000100c        -       0x00000034   Zero   RW         6005    .bss                at_client.o
    0x20001040        -       0x00000115   Zero   RW         6153    .bss                at_socket.o
    0x20001155        -       0x00000010   Zero   RW         6561    .bss                netdev_ipaddr.o
    0x20001165   COMPRESSED   0x00000003   PAD
    0x20001168        -       0x00000024   Zero   RW         6630    .bss                sal_socket.o
    0x2000118c        -       0x00000060   Zero   RW         9734    .bss                c_w.l(libspace.o)
    0x200011ec   COMPRESSED   0x00000004   PAD
    0x200011f0        -       0x00000200   Zero   RW         1968    HEAP                startup_stm32l475xx.o
    0x200013f0        -       0x00000400   Zero   RW         1967    STACK               startup_stm32l475xx.o


==============================================================================

Image component sizes


      Code (inc. data)   RO Data    RW Data    ZI Data      Debug   Object Name

        40         16        114          0          0       1624   af_inet_at.o
      1104        376        231         16         64       7150   at_cli.o
      4366       1364        795          4         52      19784   at_client.o
       978        266         66         12          0      19517   at_device.o
      6454       2710        374          0          0      32176   at_device_esp8266.o
        28          6         28         64          0       2016   at_sample_esp8266.o
      5750       1492        161         24        277      36899   at_socket.o
      2900       1090        315         12          0      13266   at_socket_esp8266.o
       108         24          0          4        128       4754   at_utils.o
      1050        384        298         28          0      15589   bd_speech_rcg.o
       256         26          0          0          0        753   board.o
       240         24        942          0          0       2787   ccsbcs.o
      2270        118          7         12          0      13019   cjson.o
        28          8          4          0          0       2734   cjson_port.o
       116         12          0          4          0      20742   clock.o
      3522       1234       1548          0          0      22122   cmd.o
       512        180         57          0          0       6059   completion.o
       218         50         36          0          0       5848   components.o
       320         26          0          0          0        824   context_rvds.o
      1512        746          0         16          0       7264   cpuport.o
      1064        226         75          0          0       6911   dataqueue.o
      1034        254        203          0          0       9269   devfs.o
      1312        594        201          0          0       8784   device.o
      1668        374         86        276         68      12949   dfs.o
      3040        400        269          8          0      29555   dfs_elm.o
      2578        518        143          0        296      14525   dfs_file.o
      1572        430        140          0          0       8142   dfs_fs.o
      1216         16         85          0          0      11643   dfs_posix.o
       174         18         39          0          0       9936   drv_common.o
      1536         62       1624        196          0      12465   drv_gpio.o
      2192        466         97         16        368       6530   drv_spi.o
      2240        486        266         40        736      43185   drv_usart.o
     11894        170        170         10          0      56847   ff.o
       384         84         22          0        400       5818   idle.o
      3946       1194        710          0          0      35052   ipc.o
       140         26          0          9          0       2190   irq.o
      2442        242         34         12        256      18877   kservice.o
        56          0          0          0          0     886015   main.o
      2376        818        346         32         32       6944   mem.o
      1382        188         59          0          0       8391   msh.o
      1278        562        691          0          0      13040   msh_cmd.o
       424         20          0          0          0       2058   msh_file.o
        40          0          0          0          0       1829   net_netdb.o
      4718       1618       1205          8          0      34960   netdev.o
       622         20         20          0         16       3940   netdev_ipaddr.o
       860        286        128        164          0      10470   object.o
       524        182        266          0         68       8338   pin.o
       746        110        214          0          0       8795   ringbuffer.o
      2666        594        128         12         36      23347   sal_socket.o
      1002        252         78         28        256       9962   scheduler.o
       428        220          8          0          0       6095   sdcard_port.o
      3534        760        298          0          0      16515   serial.o
      2376        318        139          8        257      11253   shell.o
         0          0          0          0          0        392   signal.o
       746        170        163          0          0       9294   spi_core.o
       624        248        129          0          0       6329   spi_dev.o
      5074         86         15          0         88      17847   spi_msd.o
        64         26        392          0       1536        956   startup_stm32l475xx.o
        54          8          0         12          0       2536   stm32l4xx_hal.o
       418         28          0          0          0      36111   stm32l4xx_hal_cortex.o
       760         18          0          0          0       4338   stm32l4xx_hal_dma.o
       894         72          0          0          0       4660   stm32l4xx_hal_gpio.o
       660         46          0          0          0       2847   stm32l4xx_hal_msp.o
        20          6          0          0          0        571   stm32l4xx_hal_pwr.o
       176         24          0          0          0       1991   stm32l4xx_hal_pwr_ex.o
      2532        108          0          0          0       7504   stm32l4xx_hal_rcc.o
      1988         48          0          0          0       4052   stm32l4xx_hal_rcc_ex.o
      4080         46          0          0          0      22030   stm32l4xx_hal_spi.o
      2862         82          0          0          0      14444   stm32l4xx_hal_uart.o
         2          0          0          0          0       1028   stm32l4xx_hal_uart_ex.o
         0          0          0         16          0       5081   symbol.o
        80         12         72          4          0       1529   system_stm32l4xx.o
      1872        534        251         12          0      16147   thread.o
       424          6        117          0          0       3503   time.o
      1478        484         92         20          0      12243   timer.o
      4684       1438        575          0          0      24357   webclient.o
      1024        108        205          4          0      17645   workqueue.o

    ----------------------------------------------------------------------
    123944      25258      14810       1088       4940    1796992   Object Totals
         0          0         32          0          0          0   (incl. Generated)
       192          0         47          5          6          0   (incl. Padding)

    ----------------------------------------------------------------------

      Code (inc. data)   RO Data    RW Data    ZI Data      Debug   Library Member Name

        60          8          0          0          0         84   __0sscanf.o
        90          0          0          0          0          0   __dczerorl2.o
         8          0          0          0          0         68   __main.o
       398          4         17          0          0         92   __printf_flags_ss_wp.o
        14          0          0          0          0         68   __printf_wp.o
         0          0          0          0          0          0   __rtentry.o
        12          0          0          0          0          0   __rtentry2.o
         6          0          0          0          0          0   __rtentry4.o
        52          8          0          0          0          0   __scatter.o
        28          0          0          0          0          0   __scatter_zi.o
        28          0          0          0          0         68   _chval.o
        60          0          0          0          0         92   _mbrtowc.o
         6          0          0          0          0          0   _printf_a.o
         6          0          0          0          0          0   _printf_c.o
        44          0          0          0          0        108   _printf_char.o
        48          6          0          0          0         96   _printf_char_common.o
        40          0          0          0          0         68   _printf_charcount.o
         6          0          0          0          0          0   _printf_d.o
       120         16          0          0          0         92   _printf_dec.o
         6          0          0          0          0          0   _printf_e.o
         6          0          0          0          0          0   _printf_f.o
      1060          0          0          0          0        216   _printf_fp_dec.o
       770          8         38          0          0        100   _printf_fp_hex.o
       128         16          0          0          0         84   _printf_fp_infnan.o
         6          0          0          0          0          0   _printf_g.o
       148          4         40          0          0        160   _printf_hex_int_ll_ptr.o
         6          0          0          0          0          0   _printf_i.o
       178          0          0          0          0         88   _printf_intcommon.o
        10          0          0          0          0          0   _printf_l.o
         6          0          0          0          0          0   _printf_lc.o
        10          0          0          0          0          0   _printf_ll.o
         6          0          0          0          0          0   _printf_lld.o
         6          0          0          0          0          0   _printf_lli.o
         6          0          0          0          0          0   _printf_llo.o
         6          0          0          0          0          0   _printf_llu.o
         6          0          0          0          0          0   _printf_llx.o
       124         16          0          0          0         92   _printf_longlong_dec.o
         6          0          0          0          0          0   _printf_ls.o
         6          0          0          0          0          0   _printf_n.o
         6          0          0          0          0          0   _printf_o.o
       112         10          0          0          0        124   _printf_oct_int_ll.o
         6          0          0          0          0          0   _printf_p.o
        78          0          0          0          0        108   _printf_pad.o
         0          0          0          0          0          0   _printf_percent.o
         4          0          0          0          0          0   _printf_percent_end.o
         6          0          0          0          0          0   _printf_s.o
        82          0          0          0          0         80   _printf_str.o
        36          0          0          0          0         84   _printf_truncate.o
         6          0          0          0          0          0   _printf_u.o
        44          0          0          0          0        108   _printf_wchar.o
       194          6          8          0          0         92   _printf_wctomb.o
         6          0          0          0          0          0   _printf_x.o
        22          0          0          0          0        100   _rserrno.o
       890          6          0          0          0        100   _scanf.o
       338          0          0          0          0         96   _scanf_int.o
       348          0          0          0          0        100   _scanf_longlong.o
       282          0          0          0          0        100   _scanf_mbtowc.o
       230          0          0          0          0         96   _scanf_str.o
        30          0          0          0          0         76   _scanf_wcharmap.o
       238          0          0          0          0        100   _scanf_wctomb.o
       214          0          0          0          0         96   _scanf_wstr.o
        64          0          0          0          0         84   _sgetc.o
        16          0          0          0          0         68   _snputc.o
        10          0          0          0          0         68   _sputc.o
       164          0          0          0          0         92   _strtoul.o
        64          0          0          0          0         92   _wcrtomb.o
        16          0          0          0          0         68   aeabi_memset.o
        26          0          0          0          0         80   atoi.o
       228          4        148          0          0         96   bigflt0.o
      2152        136          0          0          0        960   btod.o
        10          0          0          0          0         68   defsig_exit.o
        50          0          0          0          0         88   defsig_general.o
        80         58          0          0          0         76   defsig_rtmem_inner.o
        14          0          0          0          0         80   defsig_rtmem_outer.o
        18          0          0          0          0         80   exit.o
        94          0          0          0          0         80   h1_alloc.o
        52          0          0          0          0         68   h1_extend.o
        78          0          0          0          0         80   h1_free.o
        14          0          0          0          0         84   h1_init.o
         6          0          0          0          0        152   heapauxi.o
         4          0          0          0          0        136   hguard.o
         0          0          0          0          0          0   indicate_semi.o
       138          0          0          0          0        168   init_alloc.o
        18          0          0          0          0         76   isspace.o
        44         10        272          0          0         76   lc_ctype_c.o
        44         10         28          0          0         76   lc_numeric_c.o
         2          0          0          0          0          0   libinit.o
        42          0          0          0          0          0   libinit2.o
         2          0          0          0          0          0   libshutdown.o
         2          0          0          0          0          0   libshutdown2.o
         8          4          0          0         96         68   libspace.o
        72          0          0          0          0         76   llsdiv.o
        38          0          0          0          0         68   llshl.o
       138          0          0          0          0         80   lludiv10.o
       238          0          0          0          0        100   lludivv7m.o
         0          0          0          0          0          0   maybetermalloc1.o
        88          0          0          0          0         76   memcmp.o
        16          4          0          0          0         76   rt_ctype_table.o
         8          4          0          0          0         68   rt_errno_addr_intlibspace.o
         8          4          0          0          0         68   rt_heap_descriptor_intlibspace.o
         8          4          0          0          0         68   rt_locale_intlibspace.o
        68          0          0          0          0         68   rt_memclr.o
        78          0          0          0          0         80   rt_memclr_w.o
       138          0          0          0          0         68   rt_memcpy_v6.o
       100          0          0          0          0         80   rt_memcpy_w.o
         2          0          0          0          0          0   rtexit.o
        10          0          0          0          0          0   rtexit2.o
        44          8          0          0          0         84   scanf_char.o
      1288         16          0          0          0        168   scanf_fp.o
       806         14          0          0          0        100   scanf_hexfp.o
       314         16          0          0          0        100   scanf_infnan.o
        24          0          0          0          0         68   strcat.o
        20          0          0          0          0         68   strchr.o
       128          0          0          0          0         68   strcmpv7m.o
        72          0          0          0          0         80   strcpy.o
        62          0          0          0          0         76   strlen.o
       150          0          0          0          0         80   strncmp.o
        86          0          0          0          0         76   strncpy.o
        22          0          0          0          0         68   strrchr.o
        36          0          0          0          0         80   strstr.o
       112          0          0          0          0         88   strtol.o
        12          4          0          0          0         68   sys_exit.o
        74          0          0          0          0         80   sys_stackheap_outer.o
        14          0          0          0          0         76   sys_wrch.o
        26          0          0          0          0         76   tolower.o
         2          0          0          0          0         68   use_no_semi.o
        52          4          0          0          0         80   vsnprintf.o
        52          8          0          0          0         80   vsscanf.o
        24          0          0          0          0        164   basic.o
        98          4          0          0          0        140   d2f.o
       826         16          0          0          0        492   daddsub_clz.o
        16          4          0          0          0        116   dcheck1.o
        24          0          0          0          0        116   dcmpi.o
       688        140          0          0          0        256   ddiv.o
       120          4          0          0          0        140   deqf.o
        94          4          0          0          0        140   dfix.o
        46          0          0          0          0        116   dflt_clz.o
       120          4          0          0          0        140   dleqf.o
       340         12          0          0          0        152   dmul.o
       156          4          0          0          0        140   dnaninf.o
        12          0          0          0          0        116   dretinf.o
       108          0          0          0          0        128   drleqf.o
       408         56          0          0          0        168   dsqrt_umaal.o
         0          0         16          0          0          0   fpconst.o
        10          0          0          0          0        116   fpinit.o
        10          0          0          0          0        116   fretinf.o
         6          0          0          0          0        116   istatus.o
         4          0          0          0          0        116   printf1.o
         4          0          0          0          0        116   printf2.o
       100          0          0          0          0        116   retnan.o
        92          0          0          0          0        116   scalbn.o
         4          0          0          0          0        116   scanf1.o
         8          0          0          0          0        132   scanf2.o
        48          0          0          0          0        116   trapv.o
         0          0          0          0          0          0   usenofp.o
       164         44          0          0          0        620   dunder.o
        24          0          0          0          0        124   fabs.o
        48          0          0          0          0        124   fpclassify.o
       140         22          0          0          0        132   frexp.o
       228          8          0          0          0        308   ldexp.o
       266         16          0          0          0        308   narrow.o
       248          0          0          0          0        152   poly.o
      3200        296        136          0          0        352   pow.o
         0          0          8          0          0          0   qnan.o
       110          0          0          0          0        148   sqrt.o

    ----------------------------------------------------------------------
     22402       1050        720          0        100      14776   Library Totals
        44          0          9          0          4          0   (incl. Padding)

    ----------------------------------------------------------------------

      Code (inc. data)   RO Data    RW Data    ZI Data      Debug   Library Name

     14564        416        551          0         96       8808   c_w.l
      3366        248         16          0          0       3700   fz_wm.l
      4428        386        144          0          0       2268   m_wm.l

    ----------------------------------------------------------------------
     22402       1050        720          0        100      14776   Library Totals

    ----------------------------------------------------------------------

==============================================================================


      Code (inc. data)   RO Data    RW Data    ZI Data      Debug   

    146346      26308      15530       1088       5040    1727172   Grand Totals
    146346      26308      15530        176       5040    1727172   ELF Image Totals (compressed)
    146346      26308      15530        176          0          0   ROM Totals

==============================================================================

    Total RO  Size (Code + RO Data)               161876 ( 158.08kB)
    Total RW  Size (RW Data + ZI Data)              6128 (   5.98kB)
    Total ROM Size (Code + RO Data + RW Data)     162052 ( 158.25kB)

==============================================================================

